\BOOKMARK [1][-]{section.1}{\376\377\000O\000r\000i\000e\000n\000t\000a\000t\000i\000o\000n}{}% 1
\BOOKMARK [2][-]{subsection.1.1}{\376\377\000L\000a\000y\000o\000u\000t}{section.1}% 2
\BOOKMARK [2][-]{subsection.1.2}{\376\377\000R\000u\000n\000n\000i\000n\000g\000\040\000t\000h\000e\000\040\000m\000o\000d\000e\000l}{section.1}% 3
\BOOKMARK [2][-]{subsection.1.3}{\376\377\000T\000h\000e\000\040\000s\000i\000n\000g\000l\000e\000-\000r\000u\000n\000\040\000e\000n\000t\000r\000y\000\040\000p\000o\000i\000n\000t}{section.1}% 4
\BOOKMARK [1][-]{section.2}{\376\377\000O\000n\000e\000\040\000t\000i\000m\000e\000\040\000s\000t\000e\000p}{}% 5
\BOOKMARK [2][-]{subsection.2.1}{\376\377\000E\000x\000o\000g\000e\000n\000o\000u\000s\000\040\000i\000n\000p\000u\000t\000s\000\040\000a\000n\000d\000\040\000p\000o\000l\000i\000c\000y\000\040\000a\000p\000p\000l\000i\000c\000a\000t\000i\000o\000n}{section.2}% 6
\BOOKMARK [1][-]{section.3}{\376\377\000O\000b\000j\000e\000c\000t\000\040\000m\000o\000d\000e\000l}{}% 7
\BOOKMARK [1][-]{section.4}{\376\377\000C\000a\000r\000\040\000u\000s\000e\000r\000s}{}% 8
\BOOKMARK [2][-]{subsection.4.1}{\376\377\000C\000h\000o\000i\000c\000e\000\040\000s\000e\000t\000\040\000c\000o\000n\000s\000t\000r\000u\000c\000t\000i\000o\000n\000\040\000\050\000E\000q\000.\000\040\0001\000\051}{section.4}% 9
\BOOKMARK [2][-]{subsection.4.2}{\376\377\000U\000t\000i\000l\000i\000t\000y\000\040\000\050\000E\000q\000.\000\040\0002\040\023\0004\000\051}{section.4}% 10
\BOOKMARK [2][-]{subsection.4.3}{\376\377\000L\000o\000g\000i\000t\000\040\000c\000h\000o\000i\000c\000e\000\040\000\050\000E\000q\000.\000\040\0005\000\051}{section.4}% 11
\BOOKMARK [2][-]{subsection.4.4}{\376\377\000S\000o\000c\000i\000a\000l\000\040\000i\000m\000i\000t\000a\000t\000i\000o\000n\000\040\000\050\000E\000q\000.\000\040\0006\040\023\0007\000\051}{section.4}% 12
\BOOKMARK [1][-]{section.5}{\376\377\000C\000a\000r\000\040\000s\000u\000p\000p\000l\000y}{}% 13
\BOOKMARK [2][-]{subsection.5.1}{\376\377\000S\000e\000g\000m\000e\000n\000t\000a\000t\000i\000o\000n\000\040\000\050\000A\000p\000p\000e\000n\000d\000i\000x\000\040\000A\000.\0002\000.\0001\000\051}{section.5}% 14
\BOOKMARK [2][-]{subsection.5.2}{\376\377\000C\000o\000m\000p\000e\000t\000i\000t\000i\000o\000n\000\040\000s\000t\000a\000t\000e\000\040\000\050\000E\000q\000.\000\040\0009\000\051}{section.5}% 15
\BOOKMARK [2][-]{subsection.5.3}{\376\377\000O\000p\000t\000i\000m\000a\000l\000\040\000p\000r\000i\000c\000i\000n\000g\000\040\000\050\000E\000q\000.\000\040\0001\0000\000\051}{section.5}% 16
\BOOKMARK [2][-]{subsection.5.4}{\376\377\000P\000r\000o\000d\000u\000c\000t\000\040\000m\000i\000x\000\040\000\050\000A\000p\000p\000e\000n\000d\000i\000x\000\040\000A\000.\0002\000.\0002\000\051}{section.5}% 17
\BOOKMARK [2][-]{subsection.5.5}{\376\377\000I\000n\000n\000o\000v\000a\000t\000i\000o\000n\000\040\000\050\000E\000q\000.\000\040\0001\0001\040\023\0001\0005\000\051}{section.5}% 18
\BOOKMARK [2][-]{subsection.5.6}{\376\377\000N\000K\000\040\000l\000a\000n\000d\000s\000c\000a\000p\000e\000s\000\040\000\050\000S\000u\000p\000p\000l\000e\000m\000e\000n\000t\000a\000r\000y\000\040\0003\000.\0001\000\051}{section.5}% 19
\BOOKMARK [1][-]{section.6}{\376\377\000U\000s\000e\000d\000\040\000c\000a\000r\000\040\000m\000a\000r\000k\000e\000t\000\040\000\050\000E\000q\000.\000\040\0001\0006\040\023\0002\0001\000\051}{}% 20
\BOOKMARK [1][-]{section.7}{\376\377\000R\000u\000n\000\040\000s\000t\000r\000u\000c\000t\000u\000r\000e\000\040\000a\000n\000d\000\040\000c\000o\000n\000t\000r\000o\000l\000l\000e\000r\000\040\000r\000e\000u\000s\000e}{}% 21
\BOOKMARK [1][-]{section.8}{\376\377\000P\000o\000l\000i\000c\000y\000\040\000i\000n\000s\000t\000r\000u\000m\000e\000n\000t\000s}{}% 22
\BOOKMARK [1][-]{section.9}{\376\377\000C\000a\000l\000i\000b\000r\000a\000t\000i\000o\000n}{}% 23
\BOOKMARK [1][-]{section.10}{\376\377\000O\000u\000t\000p\000u\000t\000s}{}% 24
\BOOKMARK [1][-]{section.11}{\376\377\000E\000x\000t\000e\000n\000s\000i\000o\000n\000s\000\040\000p\000r\000e\000s\000e\000n\000t\000\040\000i\000n\000\040\000t\000h\000e\000\040\000c\000o\000d\000e\000\040\000b\000u\000t\000\040\000n\000o\000t\000\040\000u\000s\000e\000d\000\040\000i\000n\000\040\000t\000h\000e\000\040\000p\000a\000p\000e\000r}{}% 25
\BOOKMARK [2][-]{subsection.11.1}{\376\377\000I\000C\000E\000\040\000b\000a\000n\000s}{section.11}% 26
\BOOKMARK [2][-]{subsection.11.2}{\376\377\000F\000o\000r\000w\000a\000r\000d\000-\000l\000o\000o\000k\000i\000n\000g\000\040\000e\000x\000p\000e\000c\000t\000a\000t\000i\000o\000n\000s}{section.11}% 27
\BOOKMARK [2][-]{subsection.11.3}{\376\377\000C\000a\000r\000b\000o\000n\000\040\000p\000r\000i\000c\000e\000\040\000s\000c\000h\000e\000d\000u\000l\000e\000s\000\040\000a\000n\000d\000\040\000t\000h\000e\000\040\000r\000e\000s\000e\000a\000r\000c\000h\000\040\000s\000u\000b\000s\000i\000d\000y}{section.11}% 28
\BOOKMARK [1][-]{section.12}{\376\377\000I\000m\000p\000l\000e\000m\000e\000n\000t\000a\000t\000i\000o\000n\000\040\000n\000o\000t\000e\000s}{}% 29
\BOOKMARK [1][-]{section.13}{\376\377\000S\000y\000m\000b\000o\000l\000-\000t\000o\000-\000v\000a\000r\000i\000a\000b\000l\000e\000\040\000m\000a\000p}{}% 30
