This is pdfTeX, Version 3.141592653-2.6-1.40.29 (MiKTeX 26.5) (preloaded format=pdflatex 2026.6.25)  12 AUG 2026 13:40
entering extended mode
 restricted \write18 enabled.
 %&-line parsing enabled.
**c:/Users/torrenperaire/Documents/Code/endogenous_innovation_and_preference_ch
ange/docs/paper/manuscript.tex

(c:/Users/torrenperaire/Documents/Code/endogenous_innovation_and_preference_cha
nge/docs/paper/manuscript.tex
LaTeX2e <2026-06-01>
L3 programming layer <2026-05-26>

(C:\Users\torrenperaire\AppData\Local\Programs\MiKTeX\tex/latex/base\article.cl
s
Document Class: article 2025/01/22 v1.4n Standard LaTeX document class

(C:\Users\torrenperaire\AppData\Local\Programs\MiKTeX\tex/latex/base\size12.clo
File: size12.clo 2025/01/22 v1.4n Standard LaTeX file (size option)
)
\c@part=\count276
\c@section=\count277
\c@subsection=\count278
\c@subsubsection=\count279
\c@paragraph=\count280
\c@subparagraph=\count281
\c@figure=\count282
\c@table=\count283
\abovecaptionskip=\skip49
\belowcaptionskip=\skip50
\bibindent=\dimen150
)
(C:\Users\torrenperaire\AppData\Local\Programs\MiKTeX\tex/latex/base\inputenc.s
ty
Package: inputenc 2024/02/08 v1.3d Input encoding file
\inpenc@prehook=\toks17
\inpenc@posthook=\toks18
)
(C:\Users\torrenperaire\AppData\Local\Programs\MiKTeX\tex/latex/geometry\geomet
ry.sty
Package: geometry 2026/03/07 v6.0 Page Geometry

(C:\Users\torrenperaire\AppData\Local\Programs\MiKTeX\tex/latex/graphics\keyval
.sty
Package: keyval 2026-05-17 v1.15 key=value parser (DPC)
\KV@toks@=\toks19
)
(C:\Users\torrenperaire\AppData\Local\Programs\MiKTeX\tex/generic/iftex\ifvtex.
sty
Package: ifvtex 2019/10/25 v1.7 ifvtex legacy package. Use iftex instead.

(C:\Users\torrenperaire\AppData\Local\Programs\MiKTeX\tex/generic/iftex\iftex.s
ty
Package: iftex 2024/12/12 v1.0g TeX engine tests
))
\Gm@cnth=\count284
\Gm@cntv=\count285
\c@Gm@tempcnt=\count286
\Gm@bindingoffset=\dimen151
\Gm@wd@mp=\dimen152
\Gm@odd@mp=\dimen153
\Gm@even@mp=\dimen154
\Gm@layoutwidth=\dimen155
\Gm@layoutheight=\dimen156
\Gm@layouthoffset=\dimen157
\Gm@layoutvoffset=\dimen158
\Gm@dimlist=\toks20

(C:\Users\torrenperaire\AppData\Local\Programs\MiKTeX\tex/latex/geometry\geomet
ry.cfg))
(C:\Users\torrenperaire\AppData\Local\Programs\MiKTeX\tex/latex/natbib\natbib.s
ty
Package: natbib 2010/09/13 8.31b (PWD, AO)
\bibhang=\skip51
\bibsep=\skip52
LaTeX Info: Redefining \cite on input line 694.
\c@NAT@ctr=\count287
)
(C:\Users\torrenperaire\AppData\Local\Programs\MiKTeX\tex/latex/preprint\authbl
k.sty
Package: authblk 2001/02/27 1.3 (PWD)
\affilsep=\skip53
\@affilsep=\skip54
\c@Maxaffil=\count288
\c@authors=\count289
\c@affil=\count290
)
(C:\Users\torrenperaire\AppData\Local\Programs\MiKTeX\tex/latex/changes\changes
.sty
Package: changes 2021/07/15 v4.2.1 changes package

*** changes package 2021/07/15 v4.2.1 ***

(C:\Users\torrenperaire\AppData\Local\Programs\MiKTeX\tex/latex/xkeyval\xkeyval
.sty
Package: xkeyval 2022/06/16 v2.9 package option processing (HA)

(C:\Users\torrenperaire\AppData\Local\Programs\MiKTeX\tex/generic/xkeyval\xkeyv
al.tex
(C:\Users\torrenperaire\AppData\Local\Programs\MiKTeX\tex/generic/xkeyval\xkvut
ils.tex
\XKV@toks=\toks21
\XKV@tempa@toks=\toks22
)
\XKV@depth=\count291
File: xkeyval.tex 2014/12/03 v2.7a key=value parser (HA)
))
(C:\Users\torrenperaire\AppData\Local\Programs\MiKTeX\tex/latex/etoolbox\etoolb
ox.sty
Package: etoolbox 2025/10/02 v2.5m e-TeX tools for LaTeX (JAW)
\etb@tempcnta=\count292
)
(C:\Users\torrenperaire\AppData\Local\Programs\MiKTeX\tex/latex/xstring\xstring
.sty
(C:\Users\torrenperaire\AppData\Local\Programs\MiKTeX\tex/generic/xstring\xstri
ng.tex
\xs_counta=\count293
\xs_countb=\count294
)
Package: xstring 2023/08/22 v1.86 String manipulations (CT)
)
ulem-option 'normalem,normalbf', passed to package ulem
truncate-option 'breakall,fit', passed to package truncate
changes-option 'defaultcolor=red'

(C:\Users\torrenperaire\AppData\Local\Programs\MiKTeX\tex/latex/xcolor\xcolor.s
ty
Package: xcolor 2024/09/29 v3.02 LaTeX color extensions (UK)

(C:\Users\torrenperaire\AppData\Local\Programs\MiKTeX\tex/latex/graphics-cfg\co
lor.cfg
File: color.cfg 2016/01/02 v1.6 sample color configuration
)
Package xcolor Info: Driver file: pdftex.def on input line 274.

(C:\Users\torrenperaire\AppData\Local\Programs\MiKTeX\tex/latex/graphics-def\pd
ftex.def
File: pdftex.def 2025/09/29 v1.2d Graphics/color driver for pdftex
)
(C:\Users\torrenperaire\AppData\Local\Programs\MiKTeX\tex/latex/graphics\mathco
lor.ltx)
Package xcolor Info: Model `cmy' substituted by `cmy0' on input line 1349.
Package xcolor Info: Model `hsb' substituted by `rgb' on input line 1353.
Package xcolor Info: Model `RGB' extended on input line 1365.
Package xcolor Info: Model `HTML' substituted by `rgb' on input line 1367.
Package xcolor Info: Model `Hsb' substituted by `hsb' on input line 1368.
Package xcolor Info: Model `tHsb' substituted by `hsb' on input line 1369.
Package xcolor Info: Model `HSB' substituted by `hsb' on input line 1370.
Package xcolor Info: Model `Gray' substituted by `gray' on input line 1371.
Package xcolor Info: Model `wave' substituted by `hsb' on input line 1372.
)
(C:\Users\torrenperaire\AppData\Local\Programs\MiKTeX\tex/latex/ulem\ulem.sty
\UL@box=\box53
\UL@hyphenbox=\box54
\UL@skip=\skip55
\UL@hook=\toks23
\UL@height=\dimen159
\UL@pe=\count295
\UL@pixel=\dimen160
\ULC@box=\box55
Package: ulem 2019/11/18
\ULdepth=\dimen161
)
(C:\Users\torrenperaire\AppData\Local\Programs\MiKTeX\tex/latex/todonotes\todon
otes.sty
Package: todonotes 2024/01/05 v1.1.7 Todonotes source and documentation.
Package: todonotes 2024/01/05

(C:\Users\torrenperaire\AppData\Local\Programs\MiKTeX\tex/latex/base\ifthen.sty
Package: ifthen 2024/03/16 v1.1e Standard LaTeX ifthen package (DPC)
)
(C:\Users\torrenperaire\AppData\Local\Programs\MiKTeX\tex/latex/pgf/frontendlay
er\tikz.sty
(C:\Users\torrenperaire\AppData\Local\Programs\MiKTeX\tex/latex/pgf/basiclayer\
pgf.sty
(C:\Users\torrenperaire\AppData\Local\Programs\MiKTeX\tex/latex/pgf/utilities\p
gfrcs.sty
(C:\Users\torrenperaire\AppData\Local\Programs\MiKTeX\tex/generic/pgf/utilities
\pgfutil-common.tex
\pgfutil@everybye=\toks24
\pgfutil@tempdima=\dimen162
\pgfutil@tempdimb=\dimen163
)
(C:\Users\torrenperaire\AppData\Local\Programs\MiKTeX\tex/generic/pgf/utilities
\pgfutil-latex.def
\pgfutil@abb=\box56
)
(C:\Users\torrenperaire\AppData\Local\Programs\MiKTeX\tex/generic/pgf/utilities
\pgfrcs.code.tex
(C:\Users\torrenperaire\AppData\Local\Programs\MiKTeX\tex/generic/pgf\pgf.revis
ion.tex)
Package: pgfrcs 2025-08-29 v3.1.11a (3.1.11a)
))
Package: pgf 2025-08-29 v3.1.11a (3.1.11a)

(C:\Users\torrenperaire\AppData\Local\Programs\MiKTeX\tex/latex/pgf/basiclayer\
pgfcore.sty
(C:\Users\torrenperaire\AppData\Local\Programs\MiKTeX\tex/latex/graphics\graphi
cx.sty
Package: graphicx 2026-05-17 v1.2e Enhanced LaTeX Graphics (DPC,SPQR)

(C:\Users\torrenperaire\AppData\Local\Programs\MiKTeX\tex/latex/graphics\graphi
cs.sty
Package: graphics 2026-05-17 v1.4h Standard LaTeX Graphics (DPC,SPQR)

(C:\Users\torrenperaire\AppData\Local\Programs\MiKTeX\tex/latex/graphics\trig.s
ty
Package: trig 2023/12/02 v1.11 sin cos tan (DPC)
)
(C:\Users\torrenperaire\AppData\Local\Programs\MiKTeX\tex/latex/graphics-cfg\gr
aphics.cfg
File: graphics.cfg 2016/06/04 v1.11 sample graphics configuration
)
Package graphics Info: Driver file: pdftex.def on input line 106.
)
\Gin@req@height=\dimen164
\Gin@req@width=\dimen165
)
(C:\Users\torrenperaire\AppData\Local\Programs\MiKTeX\tex/latex/pgf/systemlayer
\pgfsys.sty
(C:\Users\torrenperaire\AppData\Local\Programs\MiKTeX\tex/generic/pgf/systemlay
er\pgfsys.code.tex
Package: pgfsys 2025-08-29 v3.1.11a (3.1.11a)

(C:\Users\torrenperaire\AppData\Local\Programs\MiKTeX\tex/generic/pgf/utilities
\pgfkeys.code.tex
\pgfkeys@pathtoks=\toks25
\pgfkeys@temptoks=\toks26

(C:\Users\torrenperaire\AppData\Local\Programs\MiKTeX\tex/generic/pgf/utilities
\pgfkeyslibraryfiltered.code.tex
\pgfkeys@tmptoks=\toks27
))
\pgf@x=\dimen166
\pgf@y=\dimen167
\pgf@xa=\dimen168
\pgf@ya=\dimen169
\pgf@xb=\dimen170
\pgf@yb=\dimen171
\pgf@xc=\dimen172
\pgf@yc=\dimen173
\pgf@xd=\dimen174
\pgf@yd=\dimen175
\w@pgf@writea=\write3
\r@pgf@reada=\read2
\c@pgf@counta=\count296
\c@pgf@countb=\count297
\c@pgf@countc=\count298
\c@pgf@countd=\count299
\t@pgf@toka=\toks28
\t@pgf@tokb=\toks29
\t@pgf@tokc=\toks30
\pgf@sys@id@count=\count300

(C:\Users\torrenperaire\AppData\Local\Programs\MiKTeX\tex/generic/pgf/systemlay
er\pgf.cfg
File: pgf.cfg 2025-08-29 v3.1.11a (3.1.11a)
)
Driver file for pgf: pgfsys-pdftex.def

(C:\Users\torrenperaire\AppData\Local\Programs\MiKTeX\tex/generic/pgf/systemlay
er\pgfsys-pdftex.def
File: pgfsys-pdftex.def 2025-08-29 v3.1.11a (3.1.11a)

(C:\Users\torrenperaire\AppData\Local\Programs\MiKTeX\tex/generic/pgf/systemlay
er\pgfsys-common-pdf.def
File: pgfsys-common-pdf.def 2025-08-29 v3.1.11a (3.1.11a)
)))
(C:\Users\torrenperaire\AppData\Local\Programs\MiKTeX\tex/generic/pgf/systemlay
er\pgfsyssoftpath.code.tex
File: pgfsyssoftpath.code.tex 2025-08-29 v3.1.11a (3.1.11a)
\pgfsyssoftpath@smallbuffer@items=\count301
\pgfsyssoftpath@bigbuffer@items=\count302
)
(C:\Users\torrenperaire\AppData\Local\Programs\MiKTeX\tex/generic/pgf/systemlay
er\pgfsysprotocol.code.tex
File: pgfsysprotocol.code.tex 2025-08-29 v3.1.11a (3.1.11a)
))
(C:\Users\torrenperaire\AppData\Local\Programs\MiKTeX\tex/generic/pgf/basiclaye
r\pgfcore.code.tex
Package: pgfcore 2025-08-29 v3.1.11a (3.1.11a)

(C:\Users\torrenperaire\AppData\Local\Programs\MiKTeX\tex/generic/pgf/math\pgfm
ath.code.tex
(C:\Users\torrenperaire\AppData\Local\Programs\MiKTeX\tex/generic/pgf/math\pgfm
athutil.code.tex)
(C:\Users\torrenperaire\AppData\Local\Programs\MiKTeX\tex/generic/pgf/math\pgfm
athparser.code.tex
\pgfmath@dimen=\dimen176
\pgfmath@count=\count303
\pgfmath@box=\box57
\pgfmath@toks=\toks31
\pgfmath@stack@operand=\toks32
\pgfmath@stack@operation=\toks33
)
(C:\Users\torrenperaire\AppData\Local\Programs\MiKTeX\tex/generic/pgf/math\pgfm
athfunctions.code.tex)
(C:\Users\torrenperaire\AppData\Local\Programs\MiKTeX\tex/generic/pgf/math\pgfm
athfunctions.basic.code.tex)
(C:\Users\torrenperaire\AppData\Local\Programs\MiKTeX\tex/generic/pgf/math\pgfm
athfunctions.trigonometric.code.tex)
(C:\Users\torrenperaire\AppData\Local\Programs\MiKTeX\tex/generic/pgf/math\pgfm
athfunctions.random.code.tex)
(C:\Users\torrenperaire\AppData\Local\Programs\MiKTeX\tex/generic/pgf/math\pgfm
athfunctions.comparison.code.tex)
(C:\Users\torrenperaire\AppData\Local\Programs\MiKTeX\tex/generic/pgf/math\pgfm
athfunctions.base.code.tex)
(C:\Users\torrenperaire\AppData\Local\Programs\MiKTeX\tex/generic/pgf/math\pgfm
athfunctions.round.code.tex)
(C:\Users\torrenperaire\AppData\Local\Programs\MiKTeX\tex/generic/pgf/math\pgfm
athfunctions.misc.code.tex)
(C:\Users\torrenperaire\AppData\Local\Programs\MiKTeX\tex/generic/pgf/math\pgfm
athfunctions.integerarithmetics.code.tex)
(C:\Users\torrenperaire\AppData\Local\Programs\MiKTeX\tex/generic/pgf/math\pgfm
athcalc.code.tex)
(C:\Users\torrenperaire\AppData\Local\Programs\MiKTeX\tex/generic/pgf/math\pgfm
athfloat.code.tex
\c@pgfmathroundto@lastzeros=\count304
))
(C:\Users\torrenperaire\AppData\Local\Programs\MiKTeX\tex/generic/pgf/math\pgfi
nt.code.tex)
(C:\Users\torrenperaire\AppData\Local\Programs\MiKTeX\tex/generic/pgf/basiclaye
r\pgfcorepoints.code.tex
File: pgfcorepoints.code.tex 2025-08-29 v3.1.11a (3.1.11a)
\pgf@picminx=\dimen177
\pgf@picmaxx=\dimen178
\pgf@picminy=\dimen179
\pgf@picmaxy=\dimen180
\pgf@pathminx=\dimen181
\pgf@pathmaxx=\dimen182
\pgf@pathminy=\dimen183
\pgf@pathmaxy=\dimen184
\pgf@xx=\dimen185
\pgf@xy=\dimen186
\pgf@yx=\dimen187
\pgf@yy=\dimen188
\pgf@zx=\dimen189
\pgf@zy=\dimen190
)
(C:\Users\torrenperaire\AppData\Local\Programs\MiKTeX\tex/generic/pgf/basiclaye
r\pgfcorepathconstruct.code.tex
File: pgfcorepathconstruct.code.tex 2025-08-29 v3.1.11a (3.1.11a)
\pgf@path@lastx=\dimen191
\pgf@path@lasty=\dimen192
)
(C:\Users\torrenperaire\AppData\Local\Programs\MiKTeX\tex/generic/pgf/basiclaye
r\pgfcorepathusage.code.tex
File: pgfcorepathusage.code.tex 2025-08-29 v3.1.11a (3.1.11a)
\pgf@shorten@end@additional=\dimen193
\pgf@shorten@start@additional=\dimen194
)
(C:\Users\torrenperaire\AppData\Local\Programs\MiKTeX\tex/generic/pgf/basiclaye
r\pgfcorescopes.code.tex
File: pgfcorescopes.code.tex 2025-08-29 v3.1.11a (3.1.11a)
\pgfpic=\box58
\pgf@hbox=\box59
\pgf@layerbox@main=\box60
\pgf@picture@serial@count=\count305
)
(C:\Users\torrenperaire\AppData\Local\Programs\MiKTeX\tex/generic/pgf/basiclaye
r\pgfcoregraphicstate.code.tex
File: pgfcoregraphicstate.code.tex 2025-08-29 v3.1.11a (3.1.11a)
\pgflinewidth=\dimen195
)
(C:\Users\torrenperaire\AppData\Local\Programs\MiKTeX\tex/generic/pgf/basiclaye
r\pgfcoretransformations.code.tex
File: pgfcoretransformations.code.tex 2025-08-29 v3.1.11a (3.1.11a)
\pgf@pt@x=\dimen196
\pgf@pt@y=\dimen197
\pgf@pt@temp=\dimen198
)
(C:\Users\torrenperaire\AppData\Local\Programs\MiKTeX\tex/generic/pgf/basiclaye
r\pgfcorequick.code.tex
File: pgfcorequick.code.tex 2025-08-29 v3.1.11a (3.1.11a)
)
(C:\Users\torrenperaire\AppData\Local\Programs\MiKTeX\tex/generic/pgf/basiclaye
r\pgfcoreobjects.code.tex
File: pgfcoreobjects.code.tex 2025-08-29 v3.1.11a (3.1.11a)
)
(C:\Users\torrenperaire\AppData\Local\Programs\MiKTeX\tex/generic/pgf/basiclaye
r\pgfcorepathprocessing.code.tex
File: pgfcorepathprocessing.code.tex 2025-08-29 v3.1.11a (3.1.11a)
)
(C:\Users\torrenperaire\AppData\Local\Programs\MiKTeX\tex/generic/pgf/basiclaye
r\pgfcorearrows.code.tex
File: pgfcorearrows.code.tex 2025-08-29 v3.1.11a (3.1.11a)
\pgfarrowsep=\dimen199
)
(C:\Users\torrenperaire\AppData\Local\Programs\MiKTeX\tex/generic/pgf/basiclaye
r\pgfcoreshade.code.tex
File: pgfcoreshade.code.tex 2025-08-29 v3.1.11a (3.1.11a)
\pgf@max=\dimen256
\pgf@sys@shading@range@num=\count306
\pgf@shadingcount=\count307
)
(C:\Users\torrenperaire\AppData\Local\Programs\MiKTeX\tex/generic/pgf/basiclaye
r\pgfcoreimage.code.tex
File: pgfcoreimage.code.tex 2025-08-29 v3.1.11a (3.1.11a)
)
(C:\Users\torrenperaire\AppData\Local\Programs\MiKTeX\tex/generic/pgf/basiclaye
r\pgfcoreexternal.code.tex
File: pgfcoreexternal.code.tex 2025-08-29 v3.1.11a (3.1.11a)
\pgfexternal@startupbox=\box61
)
(C:\Users\torrenperaire\AppData\Local\Programs\MiKTeX\tex/generic/pgf/basiclaye
r\pgfcorelayers.code.tex
File: pgfcorelayers.code.tex 2025-08-29 v3.1.11a (3.1.11a)
)
(C:\Users\torrenperaire\AppData\Local\Programs\MiKTeX\tex/generic/pgf/basiclaye
r\pgfcoretransparency.code.tex
File: pgfcoretransparency.code.tex 2025-08-29 v3.1.11a (3.1.11a)
)
(C:\Users\torrenperaire\AppData\Local\Programs\MiKTeX\tex/generic/pgf/basiclaye
r\pgfcorepatterns.code.tex
File: pgfcorepatterns.code.tex 2025-08-29 v3.1.11a (3.1.11a)
)
(C:\Users\torrenperaire\AppData\Local\Programs\MiKTeX\tex/generic/pgf/basiclaye
r\pgfcorerdf.code.tex
File: pgfcorerdf.code.tex 2025-08-29 v3.1.11a (3.1.11a)
)))
(C:\Users\torrenperaire\AppData\Local\Programs\MiKTeX\tex/generic/pgf/modules\p
gfmoduleshapes.code.tex
File: pgfmoduleshapes.code.tex 2025-08-29 v3.1.11a (3.1.11a)
\pgfnodeparttextbox=\box62
)
(C:\Users\torrenperaire\AppData\Local\Programs\MiKTeX\tex/generic/pgf/modules\p
gfmoduleplot.code.tex
File: pgfmoduleplot.code.tex 2025-08-29 v3.1.11a (3.1.11a)
)
(C:\Users\torrenperaire\AppData\Local\Programs\MiKTeX\tex/latex/pgf/compatibili
ty\pgfcomp-version-0-65.sty
Package: pgfcomp-version-0-65 2025-08-29 v3.1.11a (3.1.11a)
\pgf@nodesepstart=\dimen257
\pgf@nodesepend=\dimen258
)
(C:\Users\torrenperaire\AppData\Local\Programs\MiKTeX\tex/latex/pgf/compatibili
ty\pgfcomp-version-1-18.sty
Package: pgfcomp-version-1-18 2025-08-29 v3.1.11a (3.1.11a)
))
(C:\Users\torrenperaire\AppData\Local\Programs\MiKTeX\tex/latex/pgf/utilities\p
gffor.sty
(C:\Users\torrenperaire\AppData\Local\Programs\MiKTeX\tex/latex/pgf/utilities\p
gfkeys.sty
(C:\Users\torrenperaire\AppData\Local\Programs\MiKTeX\tex/generic/pgf/utilities
\pgfkeys.code.tex))
(C:\Users\torrenperaire\AppData\Local\Programs\MiKTeX\tex/latex/pgf/math\pgfmat
h.sty
(C:\Users\torrenperaire\AppData\Local\Programs\MiKTeX\tex/generic/pgf/math\pgfm
ath.code.tex))
(C:\Users\torrenperaire\AppData\Local\Programs\MiKTeX\tex/generic/pgf/utilities
\pgffor.code.tex
Package: pgffor 2025-08-29 v3.1.11a (3.1.11a)
\pgffor@iter=\dimen259
\pgffor@skip=\dimen260
\pgffor@stack=\toks34
\pgffor@toks=\toks35
))
(C:\Users\torrenperaire\AppData\Local\Programs\MiKTeX\tex/generic/pgf/frontendl
ayer/tikz\tikz.code.tex
Package: tikz 2025-08-29 v3.1.11a (3.1.11a)

(C:\Users\torrenperaire\AppData\Local\Programs\MiKTeX\tex/generic/pgf/libraries
\pgflibraryplothandlers.code.tex
File: pgflibraryplothandlers.code.tex 2025-08-29 v3.1.11a (3.1.11a)
\pgf@plot@mark@count=\count308
\pgfplotmarksize=\dimen261
)
\tikz@lastx=\dimen262
\tikz@lasty=\dimen263
\tikz@lastxsaved=\dimen264
\tikz@lastysaved=\dimen265
\tikz@lastmovetox=\dimen266
\tikz@lastmovetoy=\dimen267
\tikzleveldistance=\dimen268
\tikzsiblingdistance=\dimen269
\tikz@figbox=\box63
\tikz@figbox@bg=\box64
\tikz@tempbox=\box65
\tikz@tempbox@bg=\box66
\tikztreelevel=\count309
\tikznumberofchildren=\count310
\tikznumberofcurrentchild=\count311
\tikz@fig@count=\count312

(C:\Users\torrenperaire\AppData\Local\Programs\MiKTeX\tex/generic/pgf/modules\p
gfmodulematrix.code.tex
File: pgfmodulematrix.code.tex 2025-08-29 v3.1.11a (3.1.11a)
\pgfmatrixcurrentrow=\count313
\pgfmatrixcurrentcolumn=\count314
\pgf@matrix@numberofcolumns=\count315
)
\tikz@expandcount=\count316

(C:\Users\torrenperaire\AppData\Local\Programs\MiKTeX\tex/generic/pgf/frontendl
ayer/tikz/libraries\tikzlibrarytopaths.code.tex
File: tikzlibrarytopaths.code.tex 2025-08-29 v3.1.11a (3.1.11a)
)))
(C:\Users\torrenperaire\AppData\Local\Programs\MiKTeX\tex/generic/pgf/frontendl
ayer/tikz/libraries\tikzlibrarypositioning.code.tex
File: tikzlibrarypositioning.code.tex 2025-08-29 v3.1.11a (3.1.11a)
)
(C:\Users\torrenperaire\AppData\Local\Programs\MiKTeX\tex/latex/tools\calc.sty
Package: calc 2025/03/01 v4.3b Infix arithmetic (KKT,FJ)
\calc@Acount=\count317
\calc@Bcount=\count318
\calc@Adimen=\dimen270
\calc@Bdimen=\dimen271
\calc@Askip=\skip56
\calc@Bskip=\skip57
LaTeX Info: Redefining \setlength on input line 86.
LaTeX Info: Redefining \addtolength on input line 87.
\calc@Ccount=\count319
\calc@Cskip=\skip58
)
\c@@todonotes@numberoftodonotes=\count320
)
\c@Changes@AuthorCount=\count321
\c@Changes@Author=\count322
\c@Changes@addedCount=\count323
\c@Changes@deletedCount=\count324
\c@Changes@replacedCount=\count325
\c@Changes@highlightCount=\count326
\c@Changes@commentCount=\count327
\c@authorcommentcount=\count328

(C:\Users\torrenperaire\AppData\Local\Programs\MiKTeX\tex/latex/truncate\trunca
te.sty
Package: truncate 2001/08/20  ver 3.6
\@Trunc@RestHyph=\toks36
)
\Changestruncatewidth=\skip59
\Changes@summary@width=\skip60
)
(C:\Users\torrenperaire\AppData\Local\Programs\MiKTeX\tex/latex/float\float.sty
Package: float 2001/11/08 v1.3d Float enhancements (AL)
\c@float@type=\count329
\float@exts=\toks37
\float@box=\box67
\@float@everytoks=\toks38
\@floatcapt=\box68
)
(C:\Users\torrenperaire\AppData\Local\Programs\MiKTeX\tex/latex/pdflscape\pdfls
cape.sty
Package: pdflscape 2022-10-27 v0.13 Display of landscape pages in PDF

(C:\Users\torrenperaire\AppData\Local\Programs\MiKTeX\tex/latex/pdflscape\pdfls
cape-nometadata.sty
Package: pdflscape-nometadata 2022-10-28 v0.13 Display of landscape pages in PD
F (HO)

(C:\Users\torrenperaire\AppData\Local\Programs\MiKTeX\tex/latex/graphics\lscape
.sty
Package: lscape 2020/05/28 v3.02 Landscape Pages (DPC)
)
Package pdflscape Info: Auto-detected driver: pdftex on input line 81.
))
(C:\Users\torrenperaire\AppData\Local\Programs\MiKTeX\tex/latex/jknappen\mathrs
fs.sty
Package: mathrsfs 1996/01/01 Math RSFS package v1.0 (jk)
\symrsfs=\mathgroup4
)
(C:\Users\torrenperaire\AppData\Local\Programs\MiKTeX\tex/latex/amsmath\amsmath
.sty
Package: amsmath 2026/05/19 v2.18d AMS math features
\@mathmargin=\skip61

For additional information on amsmath, use the `?' option.

(C:\Users\torrenperaire\AppData\Local\Programs\MiKTeX\tex/latex/amsmath\amstext
.sty
Package: amstext 2024/11/17 v2.01 AMS text

(C:\Users\torrenperaire\AppData\Local\Programs\MiKTeX\tex/latex/amsmath\amsgen.
sty
File: amsgen.sty 1999/11/30 v2.0 generic functions
\@emptytoks=\toks39
\ex@=\dimen272
))
(C:\Users\torrenperaire\AppData\Local\Programs\MiKTeX\tex/latex/amsmath\amsbsy.
sty
Package: amsbsy 1999/11/29 v1.2d Bold Symbols
\pmbraise@=\dimen273
)
(C:\Users\torrenperaire\AppData\Local\Programs\MiKTeX\tex/latex/amsmath\amsopn.
sty
Package: amsopn 2022/04/08 v2.04 operator names
)
\inf@bad=\count330
LaTeX Info: Redefining \frac on input line 233.
\uproot@=\count331
\leftroot@=\count332
LaTeX Info: Redefining \overline on input line 398.
LaTeX Info: Redefining \colon on input line 409.
\classnum@=\count333
\DOTSCASE@=\count334
LaTeX Info: Redefining \ldots on input line 495.
LaTeX Info: Redefining \dots on input line 498.
LaTeX Info: Redefining \cdots on input line 619.
\Mathstrutbox@=\box69
\strutbox@=\box70
LaTeX Info: Redefining \big on input line 721.
LaTeX Info: Redefining \Big on input line 722.
LaTeX Info: Redefining \bigg on input line 723.
LaTeX Info: Redefining \Bigg on input line 724.
\big@size=\dimen274
LaTeX Font Info:    Redeclaring font encoding OML on input line 742.
LaTeX Font Info:    Redeclaring font encoding OMS on input line 743.
\macc@depth=\count335
LaTeX Info: Redefining \bmod on input line 904.
LaTeX Info: Redefining \pmod on input line 909.
LaTeX Info: Redefining \smash on input line 939.
LaTeX Info: Redefining \relbar on input line 969.
LaTeX Info: Redefining \Relbar on input line 970.
\c@MaxMatrixCols=\count336
\dotsspace@=\muskip17
\c@parentequation=\count337
\dspbrk@lvl=\count338
\tag@help=\toks40
\row@=\count339
\column@=\count340
\maxfields@=\count341
\andhelp@=\toks41
\eqnshift@=\dimen275
\alignsep@=\dimen276
\tagshift@=\dimen277
\tagwidth@=\dimen278
\totwidth@=\dimen279
\lineht@=\dimen280
\@envbody=\toks42
\multlinegap=\skip62
\multlinetaggap=\skip63
\mathdisplay@stack=\toks43
LaTeX Info: Redefining \[ on input line 2965.
LaTeX Info: Redefining \] on input line 2966.
)
(C:\Users\torrenperaire\AppData\Local\Programs\MiKTeX\tex/latex/amsfonts\amssym
b.sty
Package: amssymb 2013/01/14 v3.01 AMS font symbols

(C:\Users\torrenperaire\AppData\Local\Programs\MiKTeX\tex/latex/amsfonts\amsfon
ts.sty
Package: amsfonts 2013/01/14 v3.01 Basic AMSFonts support
\symAMSa=\mathgroup5
\symAMSb=\mathgroup6
LaTeX Font Info:    Redeclaring math symbol \hbar on input line 98.
LaTeX Font Info:    Overwriting math alphabet `\mathfrak' in version `bold'
(Font)                  U/euf/m/n --> U/euf/b/n on input line 106.
))
(C:\Users\torrenperaire\AppData\Local\Programs\MiKTeX\tex/latex/hyperref\hyperr
ef.sty
Package: hyperref 2026-04-24 v7.01q Hypertext links for LaTeX

(C:\Users\torrenperaire\AppData\Local\Programs\MiKTeX\tex/latex/kvsetkeys\kvset
keys.sty
Package: kvsetkeys 2022-10-05 v1.19 Key value parser (HO)
)
(C:\Users\torrenperaire\AppData\Local\Programs\MiKTeX\tex/generic/kvdefinekeys\
kvdefinekeys.sty
Package: kvdefinekeys 2019-12-19 v1.6 Define keys (HO)
)
(C:\Users\torrenperaire\AppData\Local\Programs\MiKTeX\tex/generic/pdfescape\pdf
escape.sty
Package: pdfescape 2019/12/09 v1.15 Implements pdfTeX's escape features (HO)

(C:\Users\torrenperaire\AppData\Local\Programs\MiKTeX\tex/generic/ltxcmds\ltxcm
ds.sty
Package: ltxcmds 2023-12-04 v1.26 LaTeX kernel commands for general use (HO)
)
(C:\Users\torrenperaire\AppData\Local\Programs\MiKTeX\tex/generic/pdftexcmds\pd
ftexcmds.sty
Package: pdftexcmds 2020-06-27 v0.33 Utility functions of pdfTeX for LuaTeX (HO
)

(C:\Users\torrenperaire\AppData\Local\Programs\MiKTeX\tex/generic/infwarerr\inf
warerr.sty
Package: infwarerr 2019/12/03 v1.5 Providing info/warning/error messages (HO)
)
Package pdftexcmds Info: \pdf@primitive is available.
Package pdftexcmds Info: \pdf@ifprimitive is available.
Package pdftexcmds Info: \pdfdraftmode found.
))
(C:\Users\torrenperaire\AppData\Local\Programs\MiKTeX\tex/latex/hycolor\hycolor
.sty
Package: hycolor 2020-01-27 v1.10 Color options for hyperref/bookmark (HO)
)
(C:\Users\torrenperaire\AppData\Local\Programs\MiKTeX\tex/latex/hyperref\namere
f.sty
Package: nameref 2026-01-29 v2.58 Cross-referencing by name of section

(C:\Users\torrenperaire\AppData\Local\Programs\MiKTeX\tex/latex/refcount\refcou
nt.sty
Package: refcount 2019/12/15 v3.6 Data extraction from label references (HO)
)
(C:\Users\torrenperaire\AppData\Local\Programs\MiKTeX\tex/generic/gettitlestrin
g\gettitlestring.sty
Package: gettitlestring 2019/12/15 v1.6 Cleanup title references (HO)

(C:\Users\torrenperaire\AppData\Local\Programs\MiKTeX\tex/latex/kvoptions\kvopt
ions.sty
Package: kvoptions 2022-06-15 v3.15 Key value format for package options (HO)
))
\c@section@level=\count342
)
(C:\Users\torrenperaire\AppData\Local\Programs\MiKTeX\tex/generic/stringenc\str
ingenc.sty
Package: stringenc 2019/11/29 v1.12 Convert strings between diff. encodings (HO
)
)
\@linkdim=\dimen281
\Hy@linkcounter=\count343
\Hy@pagecounter=\count344

(C:\Users\torrenperaire\AppData\Local\Programs\MiKTeX\tex/latex/hyperref\pd1enc
.def
File: pd1enc.def 2026-04-24 v7.01q Hyperref: PDFDocEncoding definition (HO)
Now handling font encoding PD1 ...
... no UTF-8 mapping file for font encoding PD1
)
(C:\Users\torrenperaire\AppData\Local\Programs\MiKTeX\tex/generic/intcalc\intca
lc.sty
Package: intcalc 2019/12/15 v1.3 Expandable calculations with integers (HO)
)
\Hy@SavedSpaceFactor=\count345

(C:\Users\torrenperaire\AppData\Local\Programs\MiKTeX\tex/latex/hyperref\puenc.
def
File: puenc.def 2026-04-24 v7.01q Hyperref: PDF Unicode definition (HO)
Now handling font encoding PU ...
... no UTF-8 mapping file for font encoding PU
)
Package hyperref Info: Hyper figures OFF on input line 4199.
Package hyperref Info: Link nesting OFF on input line 4204.
Package hyperref Info: Hyper index ON on input line 4207.
Package hyperref Info: Plain pages OFF on input line 4214.
Package hyperref Info: Backreferencing OFF on input line 4219.
Package hyperref Info: Implicit mode ON; LaTeX internals redefined.
Package hyperref Info: Bookmarks ON on input line 4466.
\c@Hy@tempcnt=\count346

(C:\Users\torrenperaire\AppData\Local\Programs\MiKTeX\tex/latex/url\url.sty
\Urlmuskip=\muskip18
Package: url 2013/09/16  ver 3.4  Verb mode for urls, etc.
)
LaTeX Info: Redefining \url on input line 4805.
\XeTeXLinkMargin=\dimen282

(C:\Users\torrenperaire\AppData\Local\Programs\MiKTeX\tex/generic/bitset\bitset
.sty
Package: bitset 2019/12/09 v1.3 Handle bit-vector datatype (HO)

(C:\Users\torrenperaire\AppData\Local\Programs\MiKTeX\tex/generic/bigintcalc\bi
gintcalc.sty
Package: bigintcalc 2019/12/15 v1.5 Expandable calculations on big integers (HO
)
))
\Fld@menulength=\count347
\Field@Width=\dimen283
\Fld@charsize=\dimen284
Package hyperref Info: Hyper figures OFF on input line 6091.
Package hyperref Info: Link nesting OFF on input line 6096.
Package hyperref Info: Hyper index ON on input line 6099.
Package hyperref Info: backreferencing OFF on input line 6106.
Package hyperref Info: Link coloring OFF on input line 6111.
Package hyperref Info: Link coloring with OCG OFF on input line 6116.
Package hyperref Info: PDF/A mode OFF on input line 6121.
\Hy@abspage=\count348
\c@Item=\count349
\c@Hfootnote=\count350
)
Package hyperref Info: Driver (autodetected): hpdftex.

(C:\Users\torrenperaire\AppData\Local\Programs\MiKTeX\tex/latex/hyperref\hpdfte
x.def
File: hpdftex.def 2026-04-24 v7.01q Hyperref driver for pdfTeX
\Fld@listcount=\count351
\c@bookmark@seq@number=\count352

(C:\Users\torrenperaire\AppData\Local\Programs\MiKTeX\tex/latex/rerunfilecheck\
rerunfilecheck.sty
Package: rerunfilecheck 2025-06-21 v1.11 Rerun checks for auxiliary files (HO)

(C:\Users\torrenperaire\AppData\Local\Programs\MiKTeX\tex/generic/uniquecounter
\uniquecounter.sty
Package: uniquecounter 2019/12/15 v1.4 Provide unlimited unique counter (HO)
)
Package uniquecounter Info: New unique counter `rerunfilecheck' on input line 2
84.
)
\Hy@SectionHShift=\skip64
)
Package hyperref Info: Option `colorlinks' set `true' on input line 37.

(C:\Users\torrenperaire\AppData\Local\Programs\MiKTeX\tex/latex/appendix\append
ix.sty
Package: appendix 2020/02/08 v1.2c extra appendix facilities
\c@@pps=\count353
\c@@ppsavesec=\count354
\c@@ppsaveapp=\count355
)
(C:\Users\torrenperaire\AppData\Local\Programs\MiKTeX\tex/latex/tools\longtable
.sty
Package: longtable 2026-01-28 v4.27 Multi-page Table package (DPC)
\LTleft=\skip65
\LTright=\skip66
\LTpre=\skip67
\LTpost=\skip68
\LTchunksize=\count356
\LTcapwidth=\dimen285
\LT@head=\box71
\LT@firsthead=\box72
\LT@foot=\box73
\LT@lastfoot=\box74
\LT@gbox=\box75
\LT@cols=\count357
\LT@rows=\count358
\c@LT@tables=\count359
\c@LT@chunks=\count360
\LT@p@ftn=\toks44
)
(C:\Users\torrenperaire\AppData\Local\Programs\MiKTeX\tex/latex/tools\tabularx.
sty
Package: tabularx 2023/12/11 v2.12a `tabularx' package (DPC)

(C:\Users\torrenperaire\AppData\Local\Programs\MiKTeX\tex/latex/tools\array.sty
Package: array 2026/02/24 v2.7b Tabular extension package (FMi)
\col@sep=\dimen286
\ar@mcellbox=\box76
\extrarowheight=\dimen287
\NC@list=\toks45
\extratabsurround=\skip69
\backup@length=\skip70
\ar@cellbox=\box77
)
\TX@col@width=\dimen288
\TX@old@table=\dimen289
\TX@old@col=\dimen290
\TX@target=\dimen291
\TX@delta=\dimen292
\TX@cols=\count361
\TX@ftn=\toks46
)
(C:\Users\torrenperaire\AppData\Local\Programs\MiKTeX\tex/latex/makecell\makece
ll.sty
Package: makecell 2009/08/03 V0.1e Managing of Tab Column Heads and Cells
\rotheadsize=\dimen293
\c@nlinenum=\count362
\TeXr@lab=\toks47
)
(C:\Users\torrenperaire\AppData\Local\Programs\MiKTeX\tex/latex/booktabs\bookta
bs.sty
Package: booktabs 2020/01/12 v1.61803398 Publication quality tables
\heavyrulewidth=\dimen294
\lightrulewidth=\dimen295
\cmidrulewidth=\dimen296
\belowrulesep=\dimen297
\belowbottomsep=\dimen298
\aboverulesep=\dimen299
\abovetopsep=\dimen300
\cmidrulesep=\dimen301
\cmidrulekern=\dimen302
\defaultaddspace=\dimen303
\@cmidla=\count363
\@cmidlb=\count364
\@aboverulesep=\dimen304
\@belowrulesep=\dimen305
\@thisruleclass=\count365
\@lastruleclass=\count366
\@thisrulewidth=\dimen306
)
(C:\Users\torrenperaire\AppData\Local\Programs\MiKTeX\tex/latex/adjustbox\adjus
tbox.sty
Package: adjustbox 2025/02/26 v1.3c Adjusting TeX boxes (trim, clip, ...)

(C:\Users\torrenperaire\AppData\Local\Programs\MiKTeX\tex/latex/adjustbox\adjca
lc.sty
Package: adjcalc 2012/05/16 v1.1 Provides advanced setlength with multiple back
-ends (calc, etex, pgfmath)
)
(C:\Users\torrenperaire\AppData\Local\Programs\MiKTeX\tex/latex/adjustbox\trimc
lip.sty
Package: trimclip 2025/02/21 v1.2a Trim and clip general TeX material

(C:\Users\torrenperaire\AppData\Local\Programs\MiKTeX\tex/latex/collectbox\coll
ectbox.sty
Package: collectbox 2022/10/17 v0.4c Collect macro arguments as boxes
\collectedbox=\box78
)
\tc@llx=\dimen307
\tc@lly=\dimen308
\tc@urx=\dimen309
\tc@ury=\dimen310
Package trimclip Info: Using driver 'tc-pdftex.def'.

(C:\Users\torrenperaire\AppData\Local\Programs\MiKTeX\tex/latex/adjustbox\tc-pd
ftex.def
File: tc-pdftex.def 2025/02/26 v2.3 Clipping driver for pdftex
))
\adjbox@Width=\dimen311
\adjbox@Height=\dimen312
\adjbox@Depth=\dimen313
\adjbox@Totalheight=\dimen314
\adjbox@pwidth=\dimen315
\adjbox@pheight=\dimen316
\adjbox@pdepth=\dimen317
\adjbox@ptotalheight=\dimen318

(C:\Users\torrenperaire\AppData\Local\Programs\MiKTeX\tex/latex/ifoddpage\ifodd
page.sty
Package: ifoddpage 2022/10/18 v1.2 Conditionals for odd/even page detection
\c@checkoddpage=\count367
)
(C:\Users\torrenperaire\AppData\Local\Programs\MiKTeX\tex/latex/varwidth\varwid
th.sty
Package: varwidth 2009/03/30 ver 0.92;  Variable-width minipages
\@vwid@box=\box79
\sift@deathcycles=\count368
\@vwid@loff=\dimen319
\@vwid@roff=\dimen320
)
==> First Aid for varwidth.sty applied!
)
(C:\Users\torrenperaire\AppData\Local\Programs\MiKTeX\tex/latex/l3backend\l3bac
kend-pdftex.def
File: l3backend-pdftex.def 2026-02-18 L3 backend support: PDF output (pdfTeX)
\l__color_backend_stack_int=\count369
) (manuscript.aux

LaTeX Warning: Label `Model_Users' multiply defined.


LaTeX Warning: Label `Users_Choice' multiply defined.


LaTeX Warning: Label `Users_SocialImitation' multiply defined.


LaTeX Warning: Label `Supply:Choice_Pricing' multiply defined.


LaTeX Warning: Label `Supply:Innovation' multiply defined.


LaTeX Warning: Label `Model:Used_Cars' multiply defined.


LaTeX Warning: Label `tab:exogenous_parameters' multiply defined.


LaTeX Warning: Label `tab:exogenous_parameters' multiply defined.


LaTeX Warning: Label `tab:exogenous_parameters' multiply defined.


LaTeX Warning: Label `tab:exogenous_parameters' multiply defined.


LaTeX Warning: Label `tab:exogenous_parameters' multiply defined.


LaTeX Warning: Label `tab:endogenous_parameters' multiply defined.


LaTeX Warning: Label `tab:endogenous_parameters' multiply defined.

)
\openout1 = `manuscript.aux'.

LaTeX Font Info:    Checking defaults for OML/cmm/m/it on input line 64.
LaTeX Font Info:    ... okay on input line 64.
LaTeX Font Info:    Checking defaults for OMS/cmsy/m/n on input line 64.
LaTeX Font Info:    ... okay on input line 64.
LaTeX Font Info:    Checking defaults for OT1/cmr/m/n on input line 64.
LaTeX Font Info:    ... okay on input line 64.
LaTeX Font Info:    Checking defaults for T1/cmr/m/n on input line 64.
LaTeX Font Info:    ... okay on input line 64.
LaTeX Font Info:    Checking defaults for TS1/cmr/m/n on input line 64.
LaTeX Font Info:    ... okay on input line 64.
LaTeX Font Info:    Checking defaults for OMX/cmex/m/n on input line 64.
LaTeX Font Info:    ... okay on input line 64.
LaTeX Font Info:    Checking defaults for U/cmr/m/n on input line 64.
LaTeX Font Info:    ... okay on input line 64.
LaTeX Font Info:    Checking defaults for PD1/pdf/m/n on input line 64.
LaTeX Font Info:    ... okay on input line 64.
LaTeX Font Info:    Checking defaults for PU/pdf/m/n on input line 64.
LaTeX Font Info:    ... okay on input line 64.

*geometry* driver: auto-detecting
*geometry* detected driver: pdftex
*geometry* verbose mode - [ preamble ] result:
* driver: pdftex
* paper: a4paper
* layout: <same size as paper>
* layoutoffset:(h,v)=(0.0pt,0.0pt)
* modes: 
* h-part:(L,W,R)=(72.26999pt, 452.9679pt, 72.26999pt)
* v-part:(T,H,B)=(72.26999pt, 700.50687pt, 72.26999pt)
* \paperwidth=597.50787pt
* \paperheight=845.04684pt
* \textwidth=452.9679pt
* \textheight=700.50687pt
* \oddsidemargin=0.0pt
* \evensidemargin=0.0pt
* \topmargin=-37.0pt
* \headheight=12.0pt
* \headsep=25.0pt
* \topskip=12.0pt
* \footskip=30.0pt
* \marginparwidth=44.0pt
* \marginparsep=10.0pt
* \columnsep=10.0pt
* \skip\footins=10.8pt plus 4.0pt minus 2.0pt
* \hoffset=0.0pt
* \voffset=0.0pt
* \mag=1000
* \@twocolumnfalse
* \@twosidefalse
* \@mparswitchfalse
* \@reversemarginfalse
* (1in=72.27pt=25.4mm, 1cm=28.453pt)


(C:\Users\torrenperaire\AppData\Local\Programs\MiKTeX\tex/context/base/mkii\sup
p-pdf.mkii
[Loading MPS to PDF converter (version 2006.09.02).]
\scratchcounter=\count370
\scratchdimen=\dimen321
\scratchbox=\box80
\nofMPsegments=\count371
\nofMParguments=\count372
\everyMPshowfont=\toks48
\MPscratchCnt=\count373
\MPscratchDim=\dimen322
\MPnumerator=\count374
\makeMPintoPDFobject=\count375
\everyMPtoPDFconversion=\toks49
)
(C:\Users\torrenperaire\AppData\Local\Programs\MiKTeX\tex/latex/epstopdf-pkg\ep
stopdf-base.sty
Package: epstopdf-base 2020-01-24 v2.11 Base part for package epstopdf
Package epstopdf-base Info: Redefining graphics rule for `.eps' on input line 4
85.

(C:\Users\torrenperaire\AppData\Local\Programs\MiKTeX\tex/latex/00miktex\epstop
df-sys.cfg
File: epstopdf-sys.cfg 2021/03/18 v2.0 Configuration of epstopdf for MiKTeX
))

Package todonotes Warning: The length marginparwidth is less than 2cm and will 
most likely cause issues with the appearance of inserted todonotes. The issue c
an be solved by adding a line like \setlength {\marginparwidth }{2cm} prior to 
loading the todonotes package. on input line 64.

Package hyperref Info: Link coloring ON on input line 64.
(manuscript.out) (manuscript.out)
\@outlinefile=\write4
\openout4 = `manuscript.out'.

LaTeX Font Info:    Trying to load font information for U+rsfs on input line 67
.

(C:\Users\torrenperaire\AppData\Local\Programs\MiKTeX\tex/latex/jknappen\ursfs.
fd
File: ursfs.fd 1998/03/24 rsfs font definition file (jk)
)
LaTeX Font Info:    Trying to load font information for U+msa on input line 67.


(C:\Users\torrenperaire\AppData\Local\Programs\MiKTeX\tex/latex/amsfonts\umsa.f
d
File: umsa.fd 2013/01/14 v3.01 AMS symbols A
)
LaTeX Font Info:    Trying to load font information for U+msb on input line 67.


(C:\Users\torrenperaire\AppData\Local\Programs\MiKTeX\tex/latex/amsfonts\umsb.f
d
File: umsb.fd 2013/01/14 v3.01 AMS symbols B
) [1

{C:/Users/torrenperaire/AppData/Local/MiKTeX/fonts/map/pdftex/pdftex.map}] [2] 
[3] [4]
<Figure_1.png, id=444, 382.3083pt x 341.1144pt>
File: Figure_1.png Graphic file (type png)
<use Figure_1.png>
Package pdftex.def Info: Figure_1.png  used on input line 105.
(pdftex.def)             Requested size: 339.72592pt x 303.138pt.
 [5 <./Figure_1.png>] [6] [7] [8] [9]
Underfull \hbox (badness 10000) in paragraph at lines 195--195
[][]\OT1/cmr/m/n/12 2024[][], Fig-ure
 []


Underfull \hbox (badness 10000) in paragraph at lines 195--195
[][]\OT1/cmr/m/n/12 2024[][], Fig-ure
 []


Underfull \hbox (badness 10000) in paragraph at lines 195--195
[]|[][]\OT1/cmr/m/n/12 Bureau of
 []


Underfull \hbox (badness 10000) in paragraph at lines 195--195
\OT1/cmr/m/n/12 Trans-porta-
 []

[10]
<Figure_2.png, id=692, 1228.59pt x 722.7pt>
File: Figure_2.png Graphic file (type png)
<use Figure_2.png>
Package pdftex.def Info: Figure_2.png  used on input line 212.
(pdftex.def)             Requested size: 407.66833pt x 239.804pt.
 [11] [12 <./Figure_2.png>] [13]
<Figure_3.png, id=752, 867.24pt x 1084.05pt>
File: Figure_3.png Graphic file (type png)
<use Figure_3.png>
Package pdftex.def Info: Figure_3.png  used on input line 272.
(pdftex.def)             Requested size: 362.37569pt x 452.96558pt.
 [14] [15 <./Figure_3.png>] [16]
<Figure_4.png, id=802, 650.43pt x 650.43pt>
File: Figure_4.png Graphic file (type png)
<use Figure_4.png>
Package pdftex.def Info: Figure_4.png  used on input line 327.
(pdftex.def)             Requested size: 339.72592pt x 339.7341pt.
 [17 <./Figure_4.png>] [18]

LaTeX Warning: File `Figure_5.png' not found on input line 355.


! Package pdftex.def Error: File `Figure_5.png' not found: using draft setting.


See the pdftex.def package documentation for explanation.
Type  H <return>  for immediate help.
 ...                                              
                                                  
l.355 ...aphics[width=0.9\linewidth]{Figure_5.png}
                                                  
Try typing  <return>  to proceed.
If that doesn't work, type  X <return>  to quit.

[19]

LaTeX Warning: `h' float specifier changed to `ht'.

[20] [21] [22] [23]
Overfull \hbox (13.53282pt too wide) in paragraph at lines 440--441
\OT1/cmr/m/n/12 The model code, data and doc-u-men-ta-tion are avail-able at []
[]github.com/danielTorren/Driving-
 []

[24] [25] [26] [27] [28] [29] [30] [31] [32] [33] [34]
Underfull \hbox (badness 10000) in paragraph at lines 1308--1310

 []

[35] [36] [37] [38]
Overfull \hbox (19.76244pt too wide) detected at line 1439
[][][]\OML/cmm/m/it/10.95 y[] \OT1/cmr/m/n/10.95 = [][] [] + [] + []
 []


Overfull \hbox (9.21428pt too wide) in paragraph at lines 1466--1466
[]|\OT1/cmr/bx/n/10.95 Symbol| 
 []


Underfull \hbox (badness 10000) in paragraph at lines 1471--1471
[]|\OT1/cmr/m/n/10.95 Car pur-
 []


Underfull \hbox (badness 10000) in paragraph at lines 1471--1471
\OT1/cmr/m/n/10.95 chase con-
 []


Underfull \hbox (badness 10000) in paragraph at lines 1471--1471
\OT1/cmr/m/n/10.95 sid-er-a-tion
 []


Underfull \hbox (badness 4595) in paragraph at lines 1471--1471
[]|\OT1/cmr/m/n/10.95 Probability that a
 []


Underfull \hbox (badness 6691) in paragraph at lines 1471--1471
\OT1/cmr/m/n/10.95 car user con-sid-ers
 []


Underfull \hbox (badness 10000) in paragraph at lines 1473--1473
[]|\OT1/cmr/m/n/10.95 Discount
 []


Underfull \hbox (badness 10000) in paragraph at lines 1473--1473
[]|\OT1/cmr/m/n/10.95 Monthly dis-count
 []


Underfull \hbox (badness 5274) in paragraph at lines 1473--1473
\OT1/cmr/m/n/10.95 the con-sumer sur-
 []


Underfull \hbox (badness 10000) in paragraph at lines 1473--1474
[]|\OT1/cmr/m/n/10.95 ([][]Greene[][],
 []


Underfull \hbox (badness 10000) in paragraph at lines 1473--1474
[][]\OT1/cmr/m/n/10.95 2010[][], [][]Busse
 []


Underfull \hbox (badness 10000) in paragraph at lines 1475--1475
[]|\OT1/cmr/m/n/10.95 Quality
 []


Underfull \hbox (badness 10000) in paragraph at lines 1475--1475
\OT1/cmr/m/n/10.95 di-min-ish-ing
 []


Underfull \hbox (badness 10000) in paragraph at lines 1475--1475
\OT1/cmr/m/n/10.95 re-turns
 []


Underfull \hbox (badness 10000) in paragraph at lines 1475--1475
[]|\OT1/cmr/m/n/10.95 Factor con-trol-ling
 []


Underfull \hbox (badness 10000) in paragraph at lines 1475--1475
\OT1/cmr/m/n/10.95 the di-min-ish-ing
 []


Underfull \hbox (badness 1810) in paragraph at lines 1475--1475
\OT1/cmr/m/n/10.95 the con-tri-bu-tion of
 []


Underfull \hbox (badness 2478) in paragraph at lines 1475--1475
\OT1/cmr/m/n/10.95 car qual-ity to the
 []


Underfull \hbox (badness 10000) in paragraph at lines 1475--1475
\OT1/cmr/m/n/10.95 to-tal will-ing-ness
 []


Underfull \hbox (badness 10000) in paragraph at lines 1475--1475
\OT1/cmr/m/n/10.95 means qual-ity is
 []


Underfull \hbox (badness 2564) in paragraph at lines 1475--1475
\OT1/cmr/m/n/10.95 more im-por-tant to
 []


Underfull \hbox (badness 10000) in paragraph at lines 1477--1477
[]|\OT1/cmr/m/n/10.95 Range di-
 []


Underfull \hbox (badness 10000) in paragraph at lines 1477--1477
\OT1/cmr/m/n/10.95 min-ish-ing
 []


Underfull \hbox (badness 10000) in paragraph at lines 1477--1477
\OT1/cmr/m/n/10.95 re-turns
 []


Underfull \hbox (badness 10000) in paragraph at lines 1477--1477
[]|\OT1/cmr/m/n/10.95 Factor con-trol-ling
 []


Underfull \hbox (badness 1454) in paragraph at lines 1477--1477
\OT1/cmr/m/n/10.95 the di-min-ish-ing re-
 []


Underfull \hbox (badness 2158) in paragraph at lines 1477--1477
\OT1/cmr/m/n/10.95 con-tri-bu-tion of car
 []


Underfull \hbox (badness 2080) in paragraph at lines 1477--1477
\OT1/cmr/m/n/10.95 range to the to-tal
 []


Underfull \hbox (badness 3758) in paragraph at lines 1477--1477
\OT1/cmr/m/n/10.95 will-ing-ness to pay.
 []


Underfull \hbox (badness 10000) in paragraph at lines 1477--1477
\OT1/cmr/m/n/10.95 Greater $\OML/cmm/m/it/10.95 ^^P$ \OT1/cmr/m/n/10.95 means
 []


Underfull \hbox (badness 2865) in paragraph at lines 1477--1477
\OT1/cmr/m/n/10.95 car range is more
 []


Underfull \hbox (badness 10000) in paragraph at lines 1477--1478
[]|\OT1/cmr/m/n/10.95 ([][]Ferguson
 []


Underfull \hbox (badness 10000) in paragraph at lines 1479--1479
[]|\OT1/cmr/m/n/10.95 Willingness
 []


Underfull \hbox (badness 3291) in paragraph at lines 1479--1479
\OT1/cmr/m/n/10.95 to pay for
 []


Underfull \hbox (badness 1990) in paragraph at lines 1479--1479
[]|\OT1/cmr/m/n/10.95 Monetary value an
 []


Underfull \hbox (badness 10000) in paragraph at lines 1479--1479
[]|\OT1/cmr/m/n/10.95 Median
 []


Underfull \hbox (badness 5105) in paragraph at lines 1479--1480
[]|\OT1/cmr/m/n/10.95 Indirect cal-i-
 []


Underfull \hbox (badness 10000) in paragraph at lines 1481--1481
[]|\OT1/cmr/m/n/10.95 Willingness
 []


Underfull \hbox (badness 3291) in paragraph at lines 1481--1481
\OT1/cmr/m/n/10.95 to pay for
 []


Underfull \hbox (badness 1990) in paragraph at lines 1481--1481
[]|\OT1/cmr/m/n/10.95 Monetary value an
 []


Underfull \hbox (badness 2865) in paragraph at lines 1481--1481
\OT1/cmr/m/n/10.95 cars are more de-
 []


Underfull \hbox (badness 10000) in paragraph at lines 1481--1482
[]|\OT1/cmr/m/n/10.95 ([][]Ferguson
 []


Underfull \hbox (badness 10000) in paragraph at lines 1483--1483
[]|\OT1/cmr/m/n/10.95 Willingness
 []


Underfull \hbox (badness 3291) in paragraph at lines 1483--1483
\OT1/cmr/m/n/10.95 to pay for
 []


Underfull \hbox (badness 10000) in paragraph at lines 1483--1483
\OT1/cmr/m/n/10.95 emis-sions
 []


Underfull \hbox (badness 1990) in paragraph at lines 1483--1483
[]|\OT1/cmr/m/n/10.95 Monetary value an
 []


Underfull \hbox (badness 1259) in paragraph at lines 1483--1483
\OT1/cmr/m/n/10.95 re-sents a "greener''
 []


Underfull \hbox (badness 10000) in paragraph at lines 1483--1483
[]|\OT1/cmr/m/n/10.95 Median
 []


Underfull \hbox (badness 3260) in paragraph at lines 1483--1484
[]|\OT1/cmr/m/n/10.95 ([][]Hulshof and
 []


Underfull \hbox (badness 10000) in paragraph at lines 1485--1485
[]|\OT1/cmr/m/n/10.95 Distance
 []


Underfull \hbox (badness 10000) in paragraph at lines 1485--1485
[]|\OT1/cmr/m/n/10.95 User-specific
 []


Underfull \hbox (badness 10000) in paragraph at lines 1485--1485
\OT1/cmr/m/n/10.95 monthly dis-tance
 []


Underfull \hbox (badness 10000) in paragraph at lines 1485--1485
\OT1/cmr/m/n/10.95 em-pir-i-cal dis-tri-bu-
 []


Underfull \hbox (badness 10000) in paragraph at lines 1485--1485
[]|\OT1/cmr/m/n/10.95 Mean
 []


Underfull \hbox (badness 10000) in paragraph at lines 1487--1487
[]|\OT1/cmr/m/n/10.95 EV Im-
 []


Underfull \hbox (badness 10000) in paragraph at lines 1487--1487
\OT1/cmr/m/n/10.95 i-ta-tion
 []


Underfull \hbox (badness 10000) in paragraph at lines 1487--1487
[]|\OT1/cmr/m/n/10.95 The greater the
 []


Underfull \hbox (badness 10000) in paragraph at lines 1487--1487
\OT1/cmr/m/n/10.95 of an in-di-vid-ual's
 []


Underfull \hbox (badness 10000) in paragraph at lines 1487--1487
\OT1/cmr/m/n/10.95 neigh-bours must
 []


Underfull \hbox (badness 10000) in paragraph at lines 1487--1487
\OT1/cmr/m/n/10.95 adop-tion an EV
 []


Underfull \hbox (badness 10000) in paragraph at lines 1487--1487
\OT1/cmr/m/n/10.95 be-fore they will
 []


Underfull \hbox (badness 2707) in paragraph at lines 1487--1487
\OT1/cmr/m/n/10.95 con-sider pur-chas-ing
 []


Underfull \hbox (badness 10000) in paragraph at lines 1487--1487
\OT1/cmr/m/n/10.95 to en-sure so-cial
 []


Underfull \hbox (badness 10000) in paragraph at lines 1487--1487
[]|\OT1/cmr/m/n/10.95 Beta-
 []


Overfull \hbox (10.75847pt too wide) in paragraph at lines 1487--1487
\OT1/cmr/m/n/10.95 distribution
 []


Overfull \hbox (28.91719pt too wide) in paragraph at lines 1487--1487
\OT1/cmr/m/n/10.95 ($1\OML/cmm/m/it/10.95 :\OT1/cmr/m/n/10.95 1968\OML/cmm/m/it
/10.95 ; \OT1/cmr/m/n/10.95 2\OML/cmm/m/it/10.95 :\OT1/cmr/m/n/10.95 6805$)| 
 []


Underfull \hbox (badness 10000) in paragraph at lines 1489--1489
[]|\OT1/cmr/m/n/10.95 Consumer
 []


Underfull \hbox (badness 2435) in paragraph at lines 1489--1489
\OT1/cmr/m/n/10.95 in-ten-sity of
 []


Underfull \hbox (badness 1953) in paragraph at lines 1489--1489
\OT1/cmr/m/n/10.95 the more likely to
 []


Underfull \hbox (badness 10000) in paragraph at lines 1491--1491
[]|\OT1/cmr/m/n/10.95 Innovation
 []


Underfull \hbox (badness 4595) in paragraph at lines 1491--1491
[]|\OT1/cmr/m/n/10.95 Probability that a
 []


Underfull \hbox (badness 5939) in paragraph at lines 1491--1491
\OT1/cmr/m/n/10.95 man-u-fac-tur-ing firm
 []


Underfull \hbox (badness 7851) in paragraph at lines 1491--1491
\OT1/cmr/m/n/10.95 at-tempts to in-no-
 []


Underfull \hbox (badness 10000) in paragraph at lines 1493--1493
[]|\OT1/cmr/m/n/10.95 Production
 []


Underfull \hbox (badness 10000) in paragraph at lines 1493--1493
\OT1/cmr/m/n/10.95 change
 []


Underfull \hbox (badness 4595) in paragraph at lines 1493--1493
[]|\OT1/cmr/m/n/10.95 Probability that a
 []


Underfull \hbox (badness 1484) in paragraph at lines 1493--1493
\OT1/cmr/m/n/10.95 On av-er-age up-date
 []


Underfull \hbox (badness 10000) in paragraph at lines 1495--1495
[]|\OT1/cmr/m/n/10.95 Research
 []


Underfull \hbox (badness 2435) in paragraph at lines 1495--1495
\OT1/cmr/m/n/10.95 in-ten-sity of
 []


Underfull \hbox (badness 10000) in paragraph at lines 1495--1495
[]|\OT1/cmr/m/n/10.95 Greater value
 []


Underfull \hbox (badness 10000) in paragraph at lines 1495--1495
\OT1/cmr/m/n/10.95 favours ex-ploita-
 []


Underfull \hbox (badness 10000) in paragraph at lines 1495--1495
\OT1/cmr/m/n/10.95 tion, lower value
 []


Underfull \hbox (badness 10000) in paragraph at lines 1495--1495
\OT1/cmr/m/n/10.95 favours ex-plo-ration
 []


Underfull \hbox (badness 1092) in paragraph at lines 1495--1495
\OT1/cmr/m/n/10.95 of tech-nol-ogy land-
 []


Underfull \hbox (badness 10000) in paragraph at lines 1497--1497
[]|\OT1/cmr/m/n/10.95 Technology
 []


Underfull \hbox (badness 10000) in paragraph at lines 1497--1497
\OT1/cmr/m/n/10.95 mem-ory
 []


Underfull \hbox (badness 1112) in paragraph at lines 1499--1499
[]|\OT1/cmr/m/n/10.95 Car vari-ant
 []


Underfull \hbox (badness 10000) in paragraph at lines 1501--1501
[]|\OT1/cmr/m/n/10.95 Used car
 []


Underfull \hbox (badness 1005) in paragraph at lines 1501--1501
\OT1/cmr/m/n/10.95 gets scrapped since
 []


Underfull \hbox (badness 10000) in paragraph at lines 1503--1503
[]|\OT1/cmr/m/n/10.95 Used car
 []


Underfull \hbox (badness 10000) in paragraph at lines 1503--1503
[]|\OT1/cmr/m/n/10.95 Maximum num-ber
 []


Underfull \hbox (badness 10000) in paragraph at lines 1503--1503
\OT1/cmr/m/n/10.95 cars in the used
 []


Underfull \hbox (badness 10000) in paragraph at lines 1505--1505
[]|\OT1/cmr/m/n/10.95 Used car
 []


Underfull \hbox (badness 10000) in paragraph at lines 1505--1505
\OT1/cmr/m/n/10.95 dealer
 []


Underfull \hbox (badness 1472) in paragraph at lines 1505--1505
[]|\OT1/cmr/m/n/10.95 Target markup ap-
 []


Underfull \hbox (badness 3568) in paragraph at lines 1505--1505
\OT1/cmr/m/n/10.95 plied by used car
 []


Underfull \hbox (badness 10000) in paragraph at lines 1507--1507
[]|\OT1/cmr/m/n/10.95 Car scrap-
 []


Underfull \hbox (badness 1259) in paragraph at lines 1507--1507
\OT1/cmr/m/n/10.95 is scrapped in-stead
 []


Underfull \hbox (badness 10000) in paragraph at lines 1509--1509
[]|\OT1/cmr/m/n/10.95 Monthly type-
 []


Overfull \hbox (4.73592pt too wide) in paragraph at lines 1509--1509
[]|\OT1/cmr/m/n/10.95 ICEV:0.87
 []


Underfull \hbox (badness 10000) in paragraph at lines 1509--1509
\OT1/cmr/m/n/10.95 , EV:
 []


Underfull \hbox (badness 10000) in paragraph at lines 1509--1510
[]|\OT1/cmr/m/n/10.95 ([][]Schloter[][],
 []


Underfull \hbox (badness 10000) in paragraph at lines 1511--1511
[]|\OT1/cmr/m/n/10.95 Fuel ef-
 []


Underfull \hbox (badness 10000) in paragraph at lines 1511--1511
\OT1/cmr/m/n/10.95 fi-ciency
 []


Underfull \hbox (badness 10000) in paragraph at lines 1511--1511
[]|\OT1/cmr/m/n/10.95 Monthly de-pre-ci-a-
 []


Underfull \hbox (badness 3029) in paragraph at lines 1511--1511
\OT1/cmr/m/n/10.95 in de-ter-min-ing car
 []


Underfull \hbox (badness 5105) in paragraph at lines 1511--1512
[]|\OT1/cmr/m/n/10.95 Indirect cal-i-
 []


Underfull \hbox (badness 10000) in paragraph at lines 1513--1513
[]|\OT1/cmr/m/n/10.95 Number
 []


Underfull \hbox (badness 10000) in paragraph at lines 1513--1513
\OT1/cmr/m/n/10.95 of di-men-
 []


Underfull \hbox (badness 3568) in paragraph at lines 1513--1513
[]|\OT1/cmr/m/n/10.95 Number of di-men-
 []


Underfull \hbox (badness 7238) in paragraph at lines 1513--1513
\OT1/cmr/m/n/10.95 sions (com-po-nents)
 []


Underfull \hbox (badness 7704) in paragraph at lines 1513--1513
\OT1/cmr/m/n/10.95 in the NK land-
 []


Underfull \hbox (badness 10000) in paragraph at lines 1513--1513
\OT1/cmr/m/n/10.95 scape rep-re-sent-ing
 []


Underfull \hbox (badness 10000) in paragraph at lines 1513--1513
[]|\OT1/cmr/m/n/10.95 Number of
 []


Underfull \hbox (badness 10000) in paragraph at lines 1515--1515
\OT1/cmr/m/n/10.95 land-scape, rep-re-
 []


Underfull \hbox (badness 4378) in paragraph at lines 1515--1515
\OT1/cmr/m/n/10.95 sent-ing the de-gree
 []


Underfull \hbox (badness 10000) in paragraph at lines 1515--1515
\OT1/cmr/m/n/10.95 of in-ter-de-pen-dency
 []


Underfull \hbox (badness 7064) in paragraph at lines 1515--1515
\OT1/cmr/m/n/10.95 of the tech-nol-ogy.
 []


Underfull \hbox (badness 10000) in paragraph at lines 1515--1515
\OT1/cmr/m/n/10.95 rugged land-scape
 []


Underfull \hbox (badness 10000) in paragraph at lines 1515--1515
[]|\OT1/cmr/m/n/10.95 Number of
 []


Overfull \hbox (11.40498pt too wide) in paragraph at lines 1517--1517
[]|\OT1/cmr/m/n/10.95 Manufacturing
 []


Underfull \hbox (badness 10000) in paragraph at lines 1517--1517
[]|\OT1/cmr/m/n/10.95 Tonnes of
 []


Underfull \hbox (badness 10000) in paragraph at lines 1517--1518
[]|\OT1/cmr/m/n/10.95 ([][]Jaramillo
 []


Underfull \hbox (badness 3525) in paragraph at lines 1517--1518
\OT1/cmr/m/n/10.95 et al.[][], [][]2022[][],
 []


Overfull \hbox (13.1135pt too wide) in paragraph at lines 1519--1519
[]|$\OT1/cmr/m/n/10.95 (\OML/cmm/m/it/10.95 C[]; C[]\OT1/cmr/m/n/10.95 )$| 
 []


Overfull \hbox (11.40498pt too wide) in paragraph at lines 1519--1519
[]|\OT1/cmr/m/n/10.95 Manufacturing
 []


Underfull \hbox (badness 10000) in paragraph at lines 1519--1519
[]|\OT1/cmr/m/n/10.95 Thousand
 []


Overfull \hbox (13.20782pt too wide) in paragraph at lines 1521--1521
[]|$\OT1/cmr/m/n/10.95 (\OML/cmm/m/it/10.95 Q[]; Q[]\OT1/cmr/m/n/10.95 )$| 
 []


Underfull \hbox (badness 10000) in paragraph at lines 1521--1521
[]|\OT1/cmr/m/n/10.95 Abstract
 []


Underfull \hbox (badness 10000) in paragraph at lines 1521--1521
\OT1/cmr/m/n/10.95 qual-ity mea-
 []


Overfull \hbox (3.99123pt too wide) in paragraph at lines 1523--1523
[]|$\OML/cmm/m/it/10.95 ^^Z\OT1/cmr/m/n/10.95 (\OML/cmm/m/it/10.95 C; Q\OT1/cmr
/m/n/10.95 )$| 
 []


Underfull \hbox (badness 10000) in paragraph at lines 1523--1523
[]|\OT1/cmr/m/n/10.95 Correlation
 []


Underfull \hbox (badness 10000) in paragraph at lines 1523--1523
[]|\OT1/cmr/m/n/10.95 Correlation co-
 []


Underfull \hbox (badness 10000) in paragraph at lines 1523--1523
\OT1/cmr/m/n/10.95 ef-fi-cient be-tween
 []


Underfull \hbox (badness 1721) in paragraph at lines 1523--1523
\OT1/cmr/m/n/10.95 and car qual-ity in
 []


Underfull \hbox (badness 10000) in paragraph at lines 1523--1523
[]|\OT1/cmr/m/n/10.95 Correlation
 []


Overfull \hbox (10.31216pt too wide) in paragraph at lines 1525--1525
[]|$\OT1/cmr/m/n/10.95 (\OML/cmm/m/it/10.95 ![]; ![]\OT1/cmr/m/n/10.95 )$| 
 []


Underfull \hbox (badness 10000) in paragraph at lines 1525--1525
[]|\OT1/cmr/m/n/10.95 Fuel ef-fi-
 []


Underfull \hbox (badness 10000) in paragraph at lines 1525--1525
\OT1/cmr/m/n/10.95 i-mum type-specific
 []


Underfull \hbox (badness 10000) in paragraph at lines 1525--1525
[]|\OT1/cmr/m/n/10.95 ICEV:
 []


Overfull \hbox (5.1922pt too wide) in paragraph at lines 1525--1525
\OT1/cmr/m/n/10.95 ($0\OML/cmm/m/it/10.95 :\OT1/cmr/m/n/10.95 79$,$3\OML/cmm/m/
it/10.95 :\OT1/cmr/m/n/10.95 09$)
 []


Underfull \hbox (badness 10000) in paragraph at lines 1525--1525
\OT1/cmr/m/n/10.95 EV:
 []


Overfull \hbox (5.1922pt too wide) in paragraph at lines 1525--1525
\OT1/cmr/m/n/10.95 ($2\OML/cmm/m/it/10.95 :\OT1/cmr/m/n/10.95 73$,$9\OML/cmm/m/
it/10.95 :\OT1/cmr/m/n/10.95 73$)| 
 []


Underfull \hbox (badness 10000) in paragraph at lines 1525--1526
[]|\OT1/cmr/m/n/10.95 ([][]Jaramillo
 []


Underfull \hbox (badness 3525) in paragraph at lines 1525--1526
\OT1/cmr/m/n/10.95 et al.[][], [][]2022[][],
 []


Underfull \hbox (badness 10000) in paragraph at lines 1525--1526
\OT1/cmr/m/n/10.95 Ap-pendix
 []


Overfull \hbox (2.5434pt too wide) in paragraph at lines 1527--1527
[]|$\OML/cmm/m/it/10.95 ^^Z\OT1/cmr/m/n/10.95 (\OML/cmm/m/it/10.95 C; !\OT1/cmr
/m/n/10.95 )$| 
 []


Underfull \hbox (badness 10000) in paragraph at lines 1527--1527
[]|\OT1/cmr/m/n/10.95 Correlation
 []


Underfull \hbox (badness 10000) in paragraph at lines 1527--1527
\OT1/cmr/m/n/10.95 cost-
 []


Underfull \hbox (badness 10000) in paragraph at lines 1527--1527
[]|\OT1/cmr/m/n/10.95 Correlation co-
 []


Underfull \hbox (badness 10000) in paragraph at lines 1527--1527
\OT1/cmr/m/n/10.95 ef-fi-cient be-tween
 []


Underfull \hbox (badness 10000) in paragraph at lines 1527--1527
[]|\OT1/cmr/m/n/10.95 Correlation
 []


Overfull \hbox (13.60477pt too wide) in paragraph at lines 1529--1529
[]|$\OT1/cmr/m/n/10.95 (\OML/cmm/m/it/10.95 B[]; B[]\OT1/cmr/m/n/10.95 )$| 
 []


Underfull \hbox (badness 10000) in paragraph at lines 1529--1529
\OT1/cmr/m/n/10.95 i-mum fuel tank
 []


Underfull \hbox (badness 3158) in paragraph at lines 1529--1529
\OT1/cmr/m/n/10.95 (ICEV) or bat-tery
 []


Underfull \hbox (badness 10000) in paragraph at lines 1529--1529
[]|\OT1/cmr/m/n/10.95 ICEV:
 []


Underfull \hbox (badness 10000) in paragraph at lines 1529--1529
\OT1/cmr/m/n/10.95 ($469\OML/cmm/m/it/10.95 :\OT1/cmr/m/n/10.95 4$)
 []


Underfull \hbox (badness 10000) in paragraph at lines 1529--1529
\OT1/cmr/m/n/10.95 EV:
 []


Underfull \hbox (badness 10000) in paragraph at lines 1529--1530
[]|\OT1/cmr/m/n/10.95 ([][]Schmuch
 []


Overfull \hbox (4.1897pt too wide) in paragraph at lines 1531--1531
[]|$\OML/cmm/m/it/10.95 ^^Z\OT1/cmr/m/n/10.95 (\OML/cmm/m/it/10.95 C; B\OT1/cmr
/m/n/10.95 )$| 
 []


Underfull \hbox (badness 10000) in paragraph at lines 1531--1531
[]|\OT1/cmr/m/n/10.95 Correlation
 []


Underfull \hbox (badness 10000) in paragraph at lines 1531--1531
[]|\OT1/cmr/m/n/10.95 Correlation co-
 []


Underfull \hbox (badness 10000) in paragraph at lines 1531--1531
\OT1/cmr/m/n/10.95 ef-fi-cient be-tween
 []


Underfull \hbox (badness 2573) in paragraph at lines 1531--1531
\OT1/cmr/m/n/10.95 the NK land-scape.
 []


Underfull \hbox (badness 4531) in paragraph at lines 1531--1531
\OT1/cmr/m/n/10.95 pro-duce EVs with
 []


Underfull \hbox (badness 3942) in paragraph at lines 1531--1531
\OT1/cmr/m/n/10.95 ity for a low-cost
 []


Underfull \hbox (badness 10000) in paragraph at lines 1531--1531
\OT1/cmr/m/n/10.95 con-sumer mar-ket
 []


Underfull \hbox (badness 10000) in paragraph at lines 1531--1531
\OT1/cmr/m/n/10.95 due to ad-di-tional
 []


Underfull \hbox (badness 6236) in paragraph at lines 1531--1531
\OT1/cmr/m/n/10.95 com-plex-ity in NK
 []


Underfull \hbox (badness 10000) in paragraph at lines 1531--1531
[]|\OT1/cmr/m/n/10.95 Correlation
 []


Underfull \hbox (badness 10000) in paragraph at lines 1531--1532
[]|\OT1/cmr/m/n/10.95 Assumption,
 []


Underfull \hbox (badness 6141) in paragraph at lines 1531--1532
\OT1/cmr/m/n/10.95 ([][]Yao et al.[][],
 []


Overfull \hbox (11.40498pt too wide) in paragraph at lines 1533--1533
[]|\OT1/cmr/m/n/10.95 Manufacturing
 []


Underfull \hbox (badness 10000) in paragraph at lines 1533--1533
[]|\OT1/cmr/m/n/10.95 Unit pro-duc-tion
 []


Underfull \hbox (badness 1596) in paragraph at lines 1533--1533
\OT1/cmr/m/n/10.95 costs of tech-nol-ogy
 []


Overfull \hbox (12.18799pt too wide) in paragraph at lines 1533--1533
[]|\OT1/cmr/m/n/10.95 Technology-
 []


Underfull \hbox (badness 10000) in paragraph at lines 1535--1535
[]|\OT1/cmr/m/n/10.95 Catch-all qual-ity
 []


Underfull \hbox (badness 2635) in paragraph at lines 1535--1535
\OT1/cmr/m/n/10.95 tech-nol-ogy \OT1/cmr/m/it/10.95 m\OT1/cmr/m/n/10.95 , i.e..

 []


Underfull \hbox (badness 10000) in paragraph at lines 1535--1535
\OT1/cmr/m/n/10.95 max-i-mum speed,
 []


Underfull \hbox (badness 10000) in paragraph at lines 1535--1535
\OT1/cmr/m/n/10.95 safety or com-fort
 []


Overfull \hbox (12.18799pt too wide) in paragraph at lines 1535--1535
[]|\OT1/cmr/m/n/10.95 Technology-
 []


Underfull \hbox (badness 10000) in paragraph at lines 1535--1535
[]|\OT1/cmr/m/n/10.95 Abstract
 []


Underfull \hbox (badness 10000) in paragraph at lines 1535--1535
\OT1/cmr/m/n/10.95 qual-ity mea-
 []


Overfull \hbox (0.60709pt too wide) in paragraph at lines 1537--1537
[]|\OT1/cmr/m/n/10.95 Battery/fuel
 []


Overfull \hbox (12.18799pt too wide) in paragraph at lines 1537--1537
[]|\OT1/cmr/m/n/10.95 Technology-
 []


Underfull \hbox (badness 10000) in paragraph at lines 1539--1539
[]|\OT1/cmr/m/n/10.95 Fuel ef-fi-
 []


Overfull \hbox (12.18799pt too wide) in paragraph at lines 1539--1539
[]|\OT1/cmr/m/n/10.95 Technology-
 []


Underfull \hbox (badness 10000) in paragraph at lines 1541--1541
[]|\OT1/cmr/m/n/10.95 Cost per kilo-watt
 []


Underfull \hbox (badness 10000) in paragraph at lines 1541--1541
[]|\OT1/cmr/m/n/10.95 Time-
 []


Underfull \hbox (badness 10000) in paragraph at lines 1541--1542
[]|\OT1/cmr/m/n/10.95 ICEV: [][]EIA[][]
 []


Underfull \hbox (badness 10000) in paragraph at lines 1543--1543
[]|\OT1/cmr/m/n/10.95 Fuel emis-
 []


Underfull \hbox (badness 2384) in paragraph at lines 1543--1543
[]|$\OML/cmm/m/it/10.95 CO[]$ \OT1/cmr/m/n/10.95 emis-sions per
 []


Underfull \hbox (badness 10000) in paragraph at lines 1543--1543
\OT1/cmr/m/n/10.95 kilo-watt hour of
 []


Underfull \hbox (badness 10000) in paragraph at lines 1543--1543
[]|\OT1/cmr/m/n/10.95 ICEV:
 []


Underfull \hbox (badness 10000) in paragraph at lines 1543--1543
\OT1/cmr/m/n/10.95 0.331
 []


Underfull \hbox (badness 10000) in paragraph at lines 1543--1543
\OT1/cmr/m/n/10.95 EV:
 []


Underfull \hbox (badness 10000) in paragraph at lines 1543--1543
\OT1/cmr/m/n/10.95 Time-
 []


Underfull \hbox (badness 10000) in paragraph at lines 1543--1544
[]|\OT1/cmr/m/n/10.95 ICEV:
 []


Underfull \hbox (badness 10000) in paragraph at lines 1543--1544
\OT1/cmr/m/n/10.95 ([][]Jaramillo
 []


Underfull \hbox (badness 3525) in paragraph at lines 1543--1544
\OT1/cmr/m/n/10.95 et al.[][], [][]2022[][],
 []


Underfull \hbox (badness 10000) in paragraph at lines 1543--1544
\OT1/cmr/m/n/10.95 Ta-ble 10.8)
 []


Underfull \hbox (badness 7667) in paragraph at lines 1545--1545
[]|\OT1/cmr/m/n/10.95 Number of
 []


Underfull \hbox (badness 10000) in paragraph at lines 1545--1545
[]|\OT1/cmr/m/n/10.95 Number of
 []


Underfull \hbox (badness 7667) in paragraph at lines 1547--1547
[]|\OT1/cmr/m/n/10.95 Number of
 []


Underfull \hbox (badness 10000) in paragraph at lines 1549--1549
[]|\OT1/cmr/m/n/10.95 Number
 []


Underfull \hbox (badness 10000) in paragraph at lines 1549--1549
\OT1/cmr/m/n/10.95 of quality-
 []


Underfull \hbox (badness 10000) in paragraph at lines 1549--1549
\OT1/cmr/m/n/10.95 based
 []


Underfull \hbox (badness 1019) in paragraph at lines 1549--1549
\OT1/cmr/m/n/10.95 ket seg-ments based
 []


Underfull \hbox (badness 1776) in paragraph at lines 1549--1549
\OT1/cmr/m/n/10.95 on the dis-tri-bu-tion
 []


Underfull \hbox (badness 2027) in paragraph at lines 1549--1549
\OT1/cmr/m/n/10.95 of $\OML/cmm/m/it/10.95 ^^L[]$\OT1/cmr/m/n/10.95 . High seg-

 []


Underfull \hbox (badness 10000) in paragraph at lines 1549--1549
\OT1/cmr/m/n/10.95 mod-els, re-flect-ing
 []


Underfull \hbox (badness 7667) in paragraph at lines 1551--1551
[]|\OT1/cmr/m/n/10.95 Number of
 []


Overfull \hbox (4.10495pt too wide) in paragraph at lines 1551--1551
\OT1/cmr/m/n/10.95 environment-
 []


Underfull \hbox (badness 10000) in paragraph at lines 1551--1551
\OT1/cmr/m/n/10.95 based seg-
 []


Underfull \hbox (badness 1019) in paragraph at lines 1551--1551
\OT1/cmr/m/n/10.95 ket seg-ments based
 []


Underfull \hbox (badness 10000) in paragraph at lines 1553--1553
[]|\OT1/cmr/m/n/10.95 Network
 []


Underfull \hbox (badness 1194) in paragraph at lines 1553--1553
[]|\OT1/cmr/m/n/10.95 Density con-nec-tions
 []


Underfull \hbox (badness 1661) in paragraph at lines 1553--1553
\OT1/cmr/m/n/10.95 Watts-Strogatz net-
 []


Underfull \hbox (badness 10000) in paragraph at lines 1555--1555
[]|\OT1/cmr/m/n/10.95 Re-wiring
 []


Underfull \hbox (badness 10000) in paragraph at lines 1555--1555
[]|\OT1/cmr/m/n/10.95 Probability of re-
 []


Underfull \hbox (badness 10000) in paragraph at lines 1555--1555
\OT1/cmr/m/n/10.95 wiring close-range
 []


Underfull \hbox (badness 2334) in paragraph at lines 1555--1555
\OT1/cmr/m/n/10.95 links to long-range
 []


Underfull \hbox (badness 10000) in paragraph at lines 1555--1555
\OT1/cmr/m/n/10.95 links in Watts-
 []


Underfull \hbox (badness 10000) in paragraph at lines 1555--1555
\OT1/cmr/m/n/10.95 Strogatz net-work.
 []

[39] [40] [41] [42] [43] [44]
Overfull \hbox (9.21428pt too wide) in paragraph at lines 1563--1563
[]|\OT1/cmr/bx/n/10.95 Symbol| 
 []


Overfull \hbox (2.70734pt too wide) in alignment at lines 1559--1565
 [] [] [] [] 
 []


Overfull \hbox (2.70734pt too wide) in alignment at lines 1565--1567
 [] [] [] [] 
 []


Underfull \hbox (badness 4441) in paragraph at lines 1570--1570
[]|\OT1/cmr/m/n/10.95 Firm-specific set of
 []


Underfull \hbox (badness 10000) in paragraph at lines 1576--1577
[]|\OT1/cmr/m/n/10.95 Binary
 []


Underfull \hbox (badness 10000) in paragraph at lines 1576--1577
\OT1/cmr/m/n/10.95 state-
 []


Overfull \hbox (8.13428pt too wide) in paragraph at lines 1586--1586
[]|$\OML/cmm/m/it/10.95 LCE[]$| 
 []


Overfull \hbox (7.87723pt too wide) in paragraph at lines 1588--1588
[]|$\OML/cmm/m/it/10.95 LCC[]$| 
 []


Underfull \hbox (badness 10000) in paragraph at lines 1598--1598
[]|\OT1/cmr/m/n/10.95 Network neigh-bours
 []


Underfull \hbox (badness 10000) in paragraph at lines 1600--1601
[]|\OT1/cmr/m/n/10.95 Binary
 []


Underfull \hbox (badness 10000) in paragraph at lines 1600--1601
\OT1/cmr/m/n/10.95 state-
 []


Underfull \hbox (badness 1953) in paragraph at lines 1602--1602
[]|\OT1/cmr/m/n/10.95 Set of known tech-
 []


Overfull \hbox (13.31003pt too wide) in paragraph at lines 1604--1604
[]|$\OT1/cmr/m/n/10.95 ^^E(\OML/cmm/m/it/10.95 P\OT1/cmr/m/n/10.95 )[]$| 
 []


Underfull \hbox (badness 10000) in paragraph at lines 1604--1604
[]|\OT1/cmr/m/n/10.95 Estimated segment-
 []


Underfull \hbox (badness 10000) in paragraph at lines 1606--1606
[]|\OT1/cmr/m/n/10.95 Expected segment-
 []


Underfull \hbox (badness 10000) in paragraph at lines 1606--1606
\OT1/cmr/m/n/10.95 specific state of
 []


Underfull \hbox (badness 10000) in paragraph at lines 1618--1618
[]|\OT1/cmr/m/n/10.95 Technology co-or-di-
 []


Underfull \hbox (badness 10000) in paragraph at lines 1624--1624
[]|\OT1/cmr/m/n/10.95 Consumer seg-ment
 []


Overfull \hbox (2.70734pt too wide) in alignment at lines 1567--1626
 [] [] [] [] 
 []

[45] [46]
<Figure_6.png, id=1069, 722.7pt x 578.16pt>
File: Figure_6.png Graphic file (type png)
<use Figure_6.png>
Package pdftex.def Info: Figure_6.png  used on input line 1632.
(pdftex.def)             Requested size: 407.66833pt x 326.13168pt.
<Figure_7.png, id=1070, 611.4042pt x 351.9549pt>
File: Figure_7.png Graphic file (type png)
<use Figure_7.png>
Package pdftex.def Info: Figure_7.png  used on input line 1639.
(pdftex.def)             Requested size: 407.66833pt x 234.68077pt.
 [47 <./Figure_6.png>]
\Changes@OutFile=\write5
\openout5 = `manuscript.soc'.

\tf@loc=\write6
\openout6 = `manuscript.loc'.

 [48 <./Figure_7.png>] (manuscript.aux)
 ***********
LaTeX2e <2026-06-01>
L3 programming layer <2026-05-26>
 ***********


LaTeX Warning: There were multiply-defined labels.

Package rerunfilecheck Info: File `manuscript.out' has not changed.
(rerunfilecheck)             Checksum: B7F33DA53BAF8998BF80D9AC29AD97F3;3939.
 ) 
Here is how much of TeX's memory you used:
 24861 strings out of 467509
 466337 string characters out of 5404892
 946738 words of memory out of 5000000
 53386 multiletter control sequences out of 15000+600000
 641609 words of font info for 97 fonts, out of 8000000 for 9000
 1141 hyphenation exceptions out of 8191
 132i,19n,135p,3238b,805s stack positions out of 10000i,1000n,20000p,200000b,200000s

pdfTeX warning (dest): name{https://www.bts.gov/browse-statistical-products-and
-data/state-transportation-statistics/state-highway-travel} has been referenced
 but does not exist, replaced by a fixed one

 <C:\Users\torrenperaire\AppData\Local\MiKTeX\fonts/pk/ljfour/jknappen/ec/dpi60
0\tcrm1200.pk><C:/Users/torrenperaire/AppData/Local/Programs/MiKTeX/fonts/type1
/public/amsfonts/cm/cmbx10.pfb><C:/Users/torrenperaire/AppData/Local/Programs/M
iKTeX/fonts/type1/public/amsfonts/cm/cmbx12.pfb><C:/Users/torrenperaire/AppData
/Local/Programs/MiKTeX/fonts/type1/public/amsfonts/cm/cmex10.pfb><C:/Users/torr
enperaire/AppData/Local/Programs/MiKTeX/fonts/type1/public/amsfonts/cm/cmmi10.p
fb><C:/Users/torrenperaire/AppData/Local/Programs/MiKTeX/fonts/type1/public/ams
fonts/cm/cmmi12.pfb><C:/Users/torrenperaire/AppData/Local/Programs/MiKTeX/fonts
/type1/public/amsfonts/cm/cmmi6.pfb><C:/Users/torrenperaire/AppData/Local/Progr
ams/MiKTeX/fonts/type1/public/amsfonts/cm/cmmi8.pfb><C:/Users/torrenperaire/App
Data/Local/Programs/MiKTeX/fonts/type1/public/amsfonts/cm/cmr10.pfb><C:/Users/t
orrenperaire/AppData/Local/Programs/MiKTeX/fonts/type1/public/amsfonts/cm/cmr12
.pfb><C:/Users/torrenperaire/AppData/Local/Programs/MiKTeX/fonts/type1/public/a
msfonts/cm/cmr17.pfb><C:/Users/torrenperaire/AppData/Local/Programs/MiKTeX/font
s/type1/public/amsfonts/cm/cmr6.pfb><C:/Users/torrenperaire/AppData/Local/Progr
ams/MiKTeX/fonts/type1/public/amsfonts/cm/cmr7.pfb><C:/Users/torrenperaire/AppD
ata/Local/Programs/MiKTeX/fonts/type1/public/amsfonts/cm/cmr8.pfb><C:/Users/tor
renperaire/AppData/Local/Programs/MiKTeX/fonts/type1/public/amsfonts/cm/cmsy10.
pfb><C:/Users/torrenperaire/AppData/Local/Programs/MiKTeX/fonts/type1/public/am
sfonts/cm/cmsy6.pfb><C:/Users/torrenperaire/AppData/Local/Programs/MiKTeX/fonts
/type1/public/amsfonts/cm/cmsy8.pfb><C:/Users/torrenperaire/AppData/Local/Progr
ams/MiKTeX/fonts/type1/public/amsfonts/cm/cmti10.pfb><C:/Users/torrenperaire/Ap
pData/Local/Programs/MiKTeX/fonts/type1/public/amsfonts/cm/cmti12.pfb><C:/Users
/torrenperaire/AppData/Local/Programs/MiKTeX/fonts/type1/public/amsfonts/cm/cmt
t12.pfb><C:/Users/torrenperaire/AppData/Local/Programs/MiKTeX/fonts/type1/publi
c/amsfonts/symbols/msbm10.pfb>
Output written on manuscript.pdf (48 pages, 3197612 bytes).
PDF statistics:
 1227 PDF objects out of 1440 (max. 8388607)
 264 named destinations out of 1000 (max. 500000)
 275 words of extra memory for PDF output out of 10000 (max. 10000000)

